Component: ARM Compiler 5.06 update 6 (build 750) Tool: armlink [4d35ed]

==============================================================================

Section Cross References

    startup_stm32f103xb.o(RESET) refers to startup_stm32f103xb.o(STACK) for __initial_sp
    startup_stm32f103xb.o(RESET) refers to startup_stm32f103xb.o(.text) for Reset_Handler
    startup_stm32f103xb.o(RESET) refers to stm32f1xx_it.o(i.SysTick_Handler) for SysTick_Handler
    startup_stm32f103xb.o(RESET) refers to stm32f1xx_it.o(i.DMA1_Channel5_IRQHandler) for DMA1_Channel5_IRQHandler
    startup_stm32f103xb.o(RESET) refers to stm32f1xx_it.o(i.DMA1_Channel6_IRQHandler) for DMA1_Channel6_IRQHandler
    startup_stm32f103xb.o(RESET) refers to stm32f1xx_it.o(i.TIM1_UP_IRQHandler) for TIM1_UP_IRQHandler
    startup_stm32f103xb.o(RESET) refers to stm32f1xx_it.o(i.TIM2_IRQHandler) for TIM2_IRQHandler
    startup_stm32f103xb.o(RESET) refers to stm32f1xx_it.o(i.USART1_IRQHandler) for USART1_IRQHandler
    startup_stm32f103xb.o(RESET) refers to stm32f1xx_it.o(i.USART2_IRQHandler) for USART2_IRQHandler
    startup_stm32f103xb.o(RESET) refers to stm32f1xx_it.o(i.USART3_IRQHandler) for USART3_IRQHandler
    startup_stm32f103xb.o(.text) refers to system_stm32f1xx.o(i.SystemInit) for SystemInit
    startup_stm32f103xb.o(.text) refers to entry.o(.ARM.Collect$$$$00000000) for __main
    main.o(i.HAL_TIM_PeriodElapsedCallback) refers to stm32f1xx_hal_uart.o(i.HAL_UART_Transmit_IT) for HAL_UART_Transmit_IT
    main.o(i.HAL_TIM_PeriodElapsedCallback) refers to stm32f1xx_hal_gpio.o(i.HAL_GPIO_TogglePin) for HAL_GPIO_TogglePin
    main.o(i.HAL_TIM_PeriodElapsedCallback) refers to main.o(.bss) for .bss
    main.o(i.HAL_TIM_PeriodElapsedCallback) refers to main.o(.data) for .data
    main.o(i.MX_GPIO_Init) refers to stm32f1xx_hal_gpio.o(i.HAL_GPIO_WritePin) for HAL_GPIO_WritePin
    main.o(i.MX_GPIO_Init) refers to stm32f1xx_hal_gpio.o(i.HAL_GPIO_Init) for HAL_GPIO_Init
    main.o(i.MX_TIM1_Init) refers to stm32f1xx_hal_tim.o(i.HAL_TIM_Base_Init) for HAL_TIM_Base_Init
    main.o(i.MX_TIM1_Init) refers to stm32f1xx_hal_tim.o(i.HAL_TIM_ConfigClockSource) for HAL_TIM_ConfigClockSource
    main.o(i.MX_TIM1_Init) refers to stm32f1xx_hal_tim_ex.o(i.HAL_TIMEx_MasterConfigSynchronization) for HAL_TIMEx_MasterConfigSynchronization
    main.o(i.MX_TIM1_Init) refers to main.o(.bss) for .bss
    main.o(i.MX_TIM2_Init) refers to stm32f1xx_hal_tim.o(i.HAL_TIM_Base_Init) for HAL_TIM_Base_Init
    main.o(i.MX_TIM2_Init) refers to stm32f1xx_hal_tim.o(i.HAL_TIM_ConfigClockSource) for HAL_TIM_ConfigClockSource
    main.o(i.MX_TIM2_Init) refers to stm32f1xx_hal_tim_ex.o(i.HAL_TIMEx_MasterConfigSynchronization) for HAL_TIMEx_MasterConfigSynchronization
    main.o(i.MX_TIM2_Init) refers to main.o(.bss) for .bss
    main.o(i.MX_TIM3_Init) refers to stm32f1xx_hal_tim.o(i.HAL_TIM_PWM_Init) for HAL_TIM_PWM_Init
    main.o(i.MX_TIM3_Init) refers to stm32f1xx_hal_tim_ex.o(i.HAL_TIMEx_MasterConfigSynchronization) for HAL_TIMEx_MasterConfigSynchronization
    main.o(i.MX_TIM3_Init) refers to stm32f1xx_hal_tim.o(i.HAL_TIM_PWM_ConfigChannel) for HAL_TIM_PWM_ConfigChannel
    main.o(i.MX_TIM3_Init) refers to stm32f1xx_hal_msp.o(i.HAL_TIM_MspPostInit) for HAL_TIM_MspPostInit
    main.o(i.MX_TIM3_Init) refers to main.o(.bss) for .bss
    main.o(i.SystemClock_Config) refers to stm32f1xx_hal_rcc.o(i.HAL_RCC_OscConfig) for HAL_RCC_OscConfig
    main.o(i.SystemClock_Config) refers to stm32f1xx_hal_rcc.o(i.HAL_RCC_ClockConfig) for HAL_RCC_ClockConfig
    main.o(i.SystemClock_Config) refers to stm32f1xx_hal_rcc.o(i.HAL_RCC_GetHCLKFreq) for HAL_RCC_GetHCLKFreq
    main.o(i.SystemClock_Config) refers to stm32f1xx_hal_cortex.o(i.HAL_SYSTICK_Config) for HAL_SYSTICK_Config
    main.o(i.SystemClock_Config) refers to stm32f1xx_hal_cortex.o(i.HAL_SYSTICK_CLKSourceConfig) for HAL_SYSTICK_CLKSourceConfig
    main.o(i.SystemClock_Config) refers to stm32f1xx_hal_cortex.o(i.HAL_NVIC_SetPriority) for HAL_NVIC_SetPriority
    main.o(i.main) refers to stm32f1xx_hal.o(i.HAL_Init) for HAL_Init
    main.o(i.main) refers to main.o(i.SystemClock_Config) for SystemClock_Config
    main.o(i.main) refers to main.o(i.MX_GPIO_Init) for MX_GPIO_Init
    main.o(i.main) refers to main.o(i.MX_TIM3_Init) for MX_TIM3_Init
    main.o(i.main) refers to stm32f1xx_hal_uart.o(i.HAL_UART_Init) for HAL_UART_Init
    main.o(i.main) refers to main.o(i.MX_TIM1_Init) for MX_TIM1_Init
    main.o(i.main) refers to main.o(i.MX_TIM2_Init) for MX_TIM2_Init
    main.o(i.main) refers to stm32f1xx_hal_cortex.o(i.HAL_NVIC_SetPriority) for HAL_NVIC_SetPriority
    main.o(i.main) refers to stm32f1xx_hal_cortex.o(i.HAL_NVIC_EnableIRQ) for HAL_NVIC_EnableIRQ
    main.o(i.main) refers to stm32f1xx_hal_tim.o(i.HAL_TIM_Base_Start_IT) for HAL_TIM_Base_Start_IT
    main.o(i.main) refers to stm32f1xx_hal_tim.o(i.HAL_TIM_PWM_Start) for HAL_TIM_PWM_Start
    main.o(i.main) refers to main.o(i.uartdamget_right) for uartdamget_right
[...]
    Removing stm32f1xx_hal.o(i.HAL_GetDEVID), (16 bytes).
    Removing stm32f1xx_hal.o(i.HAL_GetHalVersion), (8 bytes).
    Removing stm32f1xx_hal.o(i.HAL_GetREVID), (12 bytes).
    Removing stm32f1xx_hal.o(i.HAL_GetUID), (28 bytes).
    Removing stm32f1xx_hal.o(i.HAL_MspDeInit), (2 bytes).
    Removing stm32f1xx_hal.o(i.HAL_MspInit), (2 bytes).
    Removing stm32f1xx_hal.o(i.HAL_ResumeTick), (14 bytes).
    Removing stm32f1xx_hal.o(i.HAL_SuspendTick), (14 bytes).
    Removing stm32f1xx_hal_rcc.o(.rev16_text), (4 bytes).
    Removing stm32f1xx_hal_rcc.o(.revsh_text), (4 bytes).
    Removing stm32f1xx_hal_rcc.o(.rrx_text), (6 bytes).
    Removing stm32f1xx_hal_rcc.o(i.HAL_RCC_CSSCallback), (2 bytes).
    Removing stm32f1xx_hal_rcc.o(i.HAL_RCC_DeInit), (68 bytes).
    Removing stm32f1xx_hal_rcc.o(i.HAL_RCC_DisableCSS), (12 bytes).
    Removing stm32f1xx_hal_rcc.o(i.HAL_RCC_EnableCSS), (12 bytes).
    Removing stm32f1xx_hal_rcc.o(i.HAL_RCC_GetClockConfig), (64 bytes).
    Removing stm32f1xx_hal_rcc.o(i.HAL_RCC_GetOscConfig), (144 bytes).
    Removing stm32f1xx_hal_rcc.o(i.HAL_RCC_MCOConfig), (72 bytes).
    Removing stm32f1xx_hal_rcc.o(i.HAL_RCC_NMI_IRQHandler), (24 bytes).
    Removing stm32f1xx_hal_rcc_ex.o(.rev16_text), (4 bytes).
    Removing stm32f1xx_hal_rcc_ex.o(.revsh_text), (4 bytes).
    Removing stm32f1xx_hal_rcc_ex.o(.rrx_text), (6 bytes).
    Removing stm32f1xx_hal_rcc_ex.o(i.HAL_RCCEx_GetPeriphCLKConfig), (44 bytes).
    Removing stm32f1xx_hal_rcc_ex.o(i.HAL_RCCEx_GetPeriphCLKFreq), (200 bytes).
    Removing stm32f1xx_hal_rcc_ex.o(i.HAL_RCCEx_PeriphCLKConfig), (236 bytes).
    Removing stm32f1xx_hal_gpio.o(.rev16_text), (4 bytes).
    Removing stm32f1xx_hal_gpio.o(.revsh_text), (4 bytes).
    Removing stm32f1xx_hal_gpio.o(.rrx_text), (6 bytes).
    Removing stm32f1xx_hal_gpio.o(i.HAL_GPIO_DeInit), (228 bytes).
    Removing stm32f1xx_hal_gpio.o(i.HAL_GPIO_EXTI_Callback), (2 bytes).
    Removing stm32f1xx_hal_gpio.o(i.HAL_GPIO_EXTI_IRQHandler), (24 bytes).
    Removing stm32f1xx_hal_gpio.o(i.HAL_GPIO_LockPin), (34 bytes).
    Removing stm32f1xx_hal_gpio.o(i.HAL_GPIO_ReadPin), (10 bytes).
    Removing stm32f1xx_hal_dma.o(.rev16_text), (4 bytes).
    Removing stm32f1xx_hal_dma.o(.revsh_text), (4 bytes).
    Removing stm32f1xx_hal_dma.o(.rrx_text), (6 bytes).
    Removing stm32f1xx_hal_dma.o(i.HAL_DMA_DeInit), (84 bytes).
    Removing stm32f1xx_hal_dma.o(i.HAL_DMA_GetError), (4 bytes).
    Removing stm32f1xx_hal_dma.o(i.HAL_DMA_GetState), (6 bytes).
    Removing stm32f1xx_hal_dma.o(i.HAL_DMA_PollForTransfer), (532 bytes).
    Removing stm32f1xx_hal_dma.o(i.HAL_DMA_RegisterCallback), (74 bytes).
    Removing stm32f1xx_hal_dma.o(i.HAL_DMA_Start), (80 bytes).
    Removing stm32f1xx_hal_dma.o(i.HAL_DMA_UnRegisterCallback), (82 bytes).
    Removing stm32f1xx_hal_cortex.o(.rev16_text), (4 bytes).
    Removing stm32f1xx_hal_cortex.o(.revsh_text), (4 bytes).
    Removing stm32f1xx_hal_cortex.o(.rrx_text), (6 bytes).
    Removing stm32f1xx_hal_cortex.o(i.HAL_NVIC_ClearPendingIRQ), (22 bytes).
    Removing stm32f1xx_hal_cortex.o(i.HAL_NVIC_DisableIRQ), (22 bytes).
    Removing stm32f1xx_hal_cortex.o(i.HAL_NVIC_GetActive), (32 bytes).
    Removing stm32f1xx_hal_cortex.o(i.HAL_NVIC_GetPendingIRQ), (32 bytes).
    Removing stm32f1xx_hal_cortex.o(i.HAL_NVIC_GetPriority), (82 bytes).
    Removing stm32f1xx_hal_cortex.o(i.HAL_NVIC_GetPriorityGrouping), (16 bytes).
    Removing stm32f1xx_hal_cortex.o(i.HAL_NVIC_SetPendingIRQ), (22 bytes).
    Removing stm32f1xx_hal_cortex.o(i.HAL_NVIC_SystemReset), (36 bytes).
    Removing stm32f1xx_hal_pwr.o(.rev16_text), (4 bytes).
    Removing stm32f1xx_hal_pwr.o(.revsh_text), (4 bytes).
    Removing stm32f1xx_hal_pwr.o(.rrx_text), (6 bytes).
    Removing stm32f1xx_hal_pwr.o(i.HAL_PWR_ConfigPVD), (124 bytes).
    Removing stm32f1xx_hal_pwr.o(i.HAL_PWR_DeInit), (24 bytes).
    Removing stm32f1xx_hal_pwr.o(i.HAL_PWR_DisableBkUpAccess), (12 bytes).
    Removing stm32f1xx_hal_pwr.o(i.HAL_PWR_DisablePVD), (12 bytes).
    Removing stm32f1xx_hal_pwr.o(i.HAL_PWR_DisableSEVOnPend), (16 bytes).
    Removing stm32f1xx_hal_pwr.o(i.HAL_PWR_DisableSleepOnExit), (16 bytes).
    Removing stm32f1xx_hal_pwr.o(i.HAL_PWR_DisableWakeUpPin), (28 bytes).
    Removing stm32f1xx_hal_pwr.o(i.HAL_PWR_EnableBkUpAccess), (12 bytes).
    Removing stm32f1xx_hal_pwr.o(i.HAL_PWR_EnablePVD), (12 bytes).
    Removing stm32f1xx_hal_pwr.o(i.HAL_PWR_EnableSEVOnPend), (16 bytes).
    Removing stm32f1xx_hal_pwr.o(i.HAL_PWR_EnableSleepOnExit), (16 bytes).
    Removing stm32f1xx_hal_pwr.o(i.HAL_PWR_EnableWakeUpPin), (28 bytes).
    Removing stm32f1xx_hal_pwr.o(i.HAL_PWR_EnterSLEEPMode), (32 bytes).
    Removing stm32f1xx_hal_pwr.o(i.HAL_PWR_EnterSTANDBYMode), (32 bytes).
    Removing stm32f1xx_hal_pwr.o(i.HAL_PWR_EnterSTOPMode), (68 bytes).
    Removing stm32f1xx_hal_pwr.o(i.HAL_PWR_PVDCallback), (2 bytes).
    Removing stm32f1xx_hal_pwr.o(i.HAL_PWR_PVD_IRQHandler), (28 bytes).
    Removing stm32f1xx_hal_pwr.o(i.PWR_OverloadWfe), (6 bytes).
    Removing stm32f1xx_hal_flash.o(.rev16_text), (4 bytes).
    Removing stm32f1xx_hal_flash.o(.revsh_text), (4 bytes).
    Removing stm32f1xx_hal_flash.o(.rrx_text), (6 bytes).
    Removing stm32f1xx_hal_flash.o(i.FLASH_Program_HalfWord), (28 bytes).
    Removing stm32f1xx_hal_flash.o(i.FLASH_SetErrorCode), (92 bytes).
    Removing stm32f1xx_hal_flash.o(i.FLASH_WaitForLastOperation), (84 bytes).
    Removing stm32f1xx_hal_flash.o(i.HAL_FLASH_EndOfOperationCallback), (2 bytes).
    Removing stm32f1xx_hal_flash.o(i.HAL_FLASH_GetError), (12 bytes).
    Removing stm32f1xx_hal_flash.o(i.HAL_FLASH_IRQHandler), (264 bytes).
    Removing stm32f1xx_hal_flash.o(i.HAL_FLASH_Lock), (20 bytes).
    Removing stm32f1xx_hal_flash.o(i.HAL_FLASH_OB_Launch), (4 bytes).
    Removing stm32f1xx_hal_flash.o(i.HAL_FLASH_OB_Lock), (20 bytes).
    Removing stm32f1xx_hal_flash.o(i.HAL_FLASH_OB_Unlock), (36 bytes).
    Removing stm32f1xx_hal_flash.o(i.HAL_FLASH_OperationErrorCallback), (2 bytes).
    Removing stm32f1xx_hal_flash.o(i.HAL_FLASH_Program), (128 bytes).
    Removing stm32f1xx_hal_flash.o(i.HAL_FLASH_Program_IT), (100 bytes).
    Removing stm32f1xx_hal_flash.o(i.HAL_FLASH_Unlock), (36 bytes).
    Removing stm32f1xx_hal_flash.o(.bss), (32 bytes).
    Removing stm32f1xx_hal_flash_ex.o(.rev16_text), (4 bytes).
    Removing stm32f1xx_hal_flash_ex.o(.revsh_text), (4 bytes).
    Removing stm32f1xx_hal_flash_ex.o(.rrx_text), (6 bytes).
    Removing stm32f1xx_hal_flash_ex.o(i.FLASH_MassErase), (36 bytes).
    Removing stm32f1xx_hal_flash_ex.o(i.FLASH_OB_DisableWRP), (176 bytes).
    Removing stm32f1xx_hal_flash_ex.o(i.FLASH_OB_EnableWRP), (176 bytes).
    Removing stm32f1xx_hal_flash_ex.o(i.FLASH_OB_GetRDP), (24 bytes).
    Removing stm32f1xx_hal_flash_ex.o(i.FLASH_OB_RDP_LevelConfig), (100 bytes).
    Removing stm32f1xx_hal_flash_ex.o(i.FLASH_PageErase), (36 bytes).
    Removing stm32f1xx_hal_flash_ex.o(i.HAL_FLASHEx_Erase), (168 bytes).
    Removing stm32f1xx_hal_flash_ex.o(i.HAL_FLASHEx_Erase_IT), (84 bytes).
    Removing stm32f1xx_hal_flash_ex.o(i.HAL_FLASHEx_OBErase), (84 bytes).
    Removing stm32f1xx_hal_flash_ex.o(i.HAL_FLASHEx_OBGetConfig), (36 bytes).
    Removing stm32f1xx_hal_flash_ex.o(i.HAL_FLASHEx_OBGetUserData), (32 bytes).
    Removing stm32f1xx_hal_flash_ex.o(i.HAL_FLASHEx_OBProgram), (200 bytes).
    Removing system_stm32f1xx.o(.rev16_text), (4 bytes).
    Removing system_stm32f1xx.o(.revsh_text), (4 bytes).
    Removing system_stm32f1xx.o(.rrx_text), (6 bytes).
    Removing system_stm32f1xx.o(i.SystemCoreClockUpdate), (104 bytes).

325 unused section(s) (total 17322 bytes) removed from the image.

==============================================================================

Image Symbol Table

    Local Symbols

    Symbol Name                              Value     Ov Type        Size  Object(Section)

    ..//Src/system_stm32f1xx.c               0x00000000   Number         0  system_stm32f1xx.o ABSOLUTE
    ../Drivers/STM32F1xx_HAL_Driver/Src/stm32f1xx_hal.c 0x00000000   Number         0  stm32f1xx_hal.o ABSOLUTE
    ../Drivers/STM32F1xx_HAL_Driver/Src/stm32f1xx_hal_cortex.c 0x00000000   Number         0  stm32f1xx_hal_cortex.o ABSOLUTE
    ../Drivers/STM32F1xx_HAL_Driver/Src/stm32f1xx_hal_dma.c 0x00000000   Number         0  stm32f1xx_hal_dma.o ABSOLUTE
    ../Drivers/STM32F1xx_HAL_Driver/Src/stm32f1xx_hal_flash.c 0x00000000   Number         0  stm32f1xx_hal_flash.o ABSOLUTE
    ../Drivers/STM32F1xx_HAL_Driver/Src/stm32f1xx_hal_flash_ex.c 0x00000000   Number         0  stm32f1xx_hal_flash_ex.o ABSOLUTE
    ../Drivers/STM32F1xx_HAL_Driver/Src/stm32f1xx_hal_gpio.c 0x00000000   Number         0  stm32f1xx_hal_gpio.o ABSOLUTE
    ../Drivers/STM32F1xx_HAL_Driver/Src/stm32f1xx_hal_gpio_ex.c 0x00000000   Number         0  stm32f1xx_hal_gpio_ex.o ABSOLUTE
    ../Drivers/STM32F1xx_HAL_Driver/Src/stm32f1xx_hal_pwr.c 0x00000000   Number         0  stm32f1xx_hal_pwr.o ABSOLUTE
    ../Drivers/STM32F1xx_HAL_Driver/Src/stm32f1xx_hal_rcc.c 0x00000000   Number         0  stm32f1xx_hal_rcc.o ABSOLUTE
    ../Drivers/STM32F1xx_HAL_Driver/Src/stm32f1xx_hal_rcc_ex.c 0x00000000   Number         0  stm32f1xx_hal_rcc_ex.o ABSOLUTE
    ../Drivers/STM32F1xx_HAL_Driver/Src/stm32f1xx_hal_tim.c 0x00000000   Number         0  stm32f1xx_hal_tim.o ABSOLUTE
    ../Drivers/STM32F1xx_HAL_Driver/Src/stm32f1xx_hal_tim_ex.c 0x00000000   Number         0  stm32f1xx_hal_tim_ex.o ABSOLUTE
    ../Drivers/STM32F1xx_HAL_Driver/Src/stm32f1xx_hal_uart.c 0x00000000   Number         0  stm32f1xx_hal_uart.o ABSOLUTE
    ../Src/main.c                            0x00000000   Number         0  main.o ABSOLUTE
    ../Src/stm32f1xx_hal_msp.c               0x00000000   Number         0  stm32f1xx_hal_msp.o ABSOLUTE
    ../Src/stm32f1xx_it.c                    0x00000000   Number         0  stm32f1xx_it.o ABSOLUTE
    ../clib/microlib/errno.c                 0x00000000   Number         0  errno.o ABSOLUTE
    ../clib/microlib/init/entry.s            0x00000000   Number         0  entry9b.o ABSOLUTE
    ../clib/microlib/init/entry.s            0x00000000   Number         0  entry9a.o ABSOLUTE
    ../clib/microlib/init/entry.s            0x00000000   Number         0  entry8b.o ABSOLUTE
    ../clib/microlib/init/entry.s            0x00000000   Number         0  entry10b.o ABSOLUTE
    ../clib/microlib/init/entry.s            0x00000000   Number         0  entry7a.o ABSOLUTE
    ../clib/microlib/init/entry.s            0x00000000   Number         0  entry11a.o ABSOLUTE
    ../clib/microlib/init/entry.s            0x00000000   Number         0  entry8a.o ABSOLUTE
    ../clib/microlib/init/entry.s            0x00000000   Number         0  entry2.o ABSOLUTE
    ../clib/microlib/init/entry.s            0x00000000   Number         0  entry.o ABSOLUTE
    ../clib/microlib/init/entry.s            0x00000000   Number         0  entry5.o ABSOLUTE
    ../clib/microlib/init/entry.s            0x00000000   Number         0  entry10a.o ABSOLUTE
    ../clib/microlib/init/entry.s            0x00000000   Number         0  entry11b.o ABSOLUTE
    ../clib/microlib/init/entry.s            0x00000000   Number         0  entry7b.o ABSOLUTE
    ../clib/microlib/longlong.c              0x00000000   Number         0  llsshr.o ABSOLUTE
    ../clib/microlib/longlong.c              0x00000000   Number         0  llshl.o ABSOLUTE
    ../clib/microlib/longlong.c              0x00000000   Number         0  llushr.o ABSOLUTE
    ../clib/microlib/stubs.s                 0x00000000   Number         0  iusefp.o ABSOLUTE
    ../fplib/microlib/d2f.c                  0x00000000   Number         0  d2f.o ABSOLUTE
    ../fplib/microlib/f2d.c                  0x00000000   Number         0  f2d.o ABSOLUTE
    ../fplib/microlib/fpadd.c                0x00000000   Number         0  dadd.o ABSOLUTE
    ../fplib/microlib/fpadd.c                0x00000000   Number         0  fadd.o ABSOLUTE
    ../fplib/microlib/fpdiv.c                0x00000000   Number         0  ddiv.o ABSOLUTE
    ../fplib/microlib/fpdiv.c                0x00000000   Number         0  fdiv.o ABSOLUTE
    ../fplib/microlib/fpepilogue.c           0x00000000   Number         0  fepilogue.o ABSOLUTE
    ../fplib/microlib/fpepilogue.c           0x00000000   Number         0  depilogue.o ABSOLUTE
    ../fplib/microlib/fpfix.c                0x00000000   Number         0  ffixi.o ABSOLUTE
    ../fplib/microlib/fpfix.c                0x00000000   Number         0  dfixi.o ABSOLUTE
    ../fplib/microlib/fpflt.c                0x00000000   Number         0  dfltui.o ABSOLUTE
    ../fplib/microlib/fpflt.c                0x00000000   Number         0  dflti.o ABSOLUTE
    ../fplib/microlib/fpflt.c                0x00000000   Number         0  fflti.o ABSOLUTE
    ../fplib/microlib/fpmul.c                0x00000000   Number         0  dmul.o ABSOLUTE
    ../fplib/microlib/fpmul.c                0x00000000   Number         0  fmul.o ABSOLUTE
    ../fplib/microlib/fpscalb.c              0x00000000   Number         0  fscalb.o ABSOLUTE
    ../fplib/microlib/fpscalb.c              0x00000000   Number         0  dscalb.o ABSOLUTE
    ../mathlib/cos.c                         0x00000000   Number         0  cos.o ABSOLUTE
    ../mathlib/cos.c                         0x00000000   Number         0  cos_x.o ABSOLUTE
    ../mathlib/cos_i.c                       0x00000000   Number         0  cos_i.o ABSOLUTE
    ../mathlib/dunder.c                      0x00000000   Number         0  dunder.o ABSOLUTE
    ../mathlib/fpclassify.c                  0x00000000   Number         0  fpclassify.o ABSOLUTE
    ../mathlib/poly.c                        0x00000000   Number         0  poly.o ABSOLUTE
    ../mathlib/rred.c                        0x00000000   Number         0  rred.o ABSOLUTE
    ../mathlib/sin.c                         0x00000000   Number         0  sin.o ABSOLUTE
    ../mathlib/sin.c                         0x00000000   Number         0  sin_x.o ABSOLUTE
    ../mathlib/sin_i.c                       0x00000000   Number         0  sin_i_x.o ABSOLUTE
    ../mathlib/sin_i.c                       0x00000000   Number         0  sin_i.o ABSOLUTE
    ..\Drivers\STM32F1xx_HAL_Driver\Src\stm32f1xx_hal.c 0x00000000   Number         0  stm32f1xx_hal.o ABSOLUTE
    ..\Drivers\STM32F1xx_HAL_Driver\Src\stm32f1xx_hal_cortex.c 0x00000000   Number         0  stm32f1xx_hal_cortex.o ABSOLUTE
    ..\Drivers\STM32F1xx_HAL_Driver\Src\stm32f1xx_hal_dma.c 0x00000000   Number         0  stm32f1xx_hal_dma.o ABSOLUTE
    ..\Drivers\STM32F1xx_HAL_Driver\Src\stm32f1xx_hal_flash.c 0x00000000   Number         0  stm32f1xx_hal_flash.o ABSOLUTE
    ..\Drivers\STM32F1xx_HAL_Driver\Src\stm32f1xx_hal_flash_ex.c 0x00000000   Number         0  stm32f1xx_hal_flash_ex.o ABSOLUTE
    ..\Drivers\STM32F1xx_HAL_Driver\Src\stm32f1xx_hal_gpio.c 0x00000000   Number         0  stm32f1xx_hal_gpio.o ABSOLUTE
    ..\Drivers\STM32F1xx_HAL_Driver\Src\stm32f1xx_hal_gpio_ex.c 0x00000000   Number         0  stm32f1xx_hal_gpio_ex.o ABSOLUTE
    ..\Drivers\STM32F1xx_HAL_Driver\Src\stm32f1xx_hal_pwr.c 0x00000000   Number         0  stm32f1xx_hal_pwr.o ABSOLUTE
    ..\Drivers\STM32F1xx_HAL_Driver\Src\stm32f1xx_hal_rcc.c 0x00000000   Number         0  stm32f1xx_hal_rcc.o ABSOLUTE
    ..\Drivers\STM32F1xx_HAL_Driver\Src\stm32f1xx_hal_rcc_ex.c 0x00000000   Number         0  stm32f1xx_hal_rcc_ex.o ABSOLUTE
    ..\Drivers\STM32F1xx_HAL_Driver\Src\stm32f1xx_hal_tim.c 0x00000000   Number         0  stm32f1xx_hal_tim.o ABSOLUTE
    ..\Drivers\STM32F1xx_HAL_Driver\Src\stm32f1xx_hal_tim_ex.c 0x00000000   Number         0  stm32f1xx_hal_tim_ex.o ABSOLUTE
    ..\Drivers\STM32F1xx_HAL_Driver\Src\stm32f1xx_hal_uart.c 0x00000000   Number         0  stm32f1xx_hal_uart.o ABSOLUTE
    ..\Src\contact.c                         0x00000000   Number         0  contact.o ABSOLUTE
    ..\Src\encoder.c                         0x00000000   Number         0  encoder.o ABSOLUTE
    ..\Src\main.c                            0x00000000   Number         0  main.o ABSOLUTE
    ..\Src\motor.c                           0x00000000   Number         0  motor.o ABSOLUTE
    ..\Src\odometry.c                        0x00000000   Number         0  odometry.o ABSOLUTE
    ..\Src\stm32f1xx_hal_msp.c               0x00000000   Number         0  stm32f1xx_hal_msp.o ABSOLUTE
    ..\Src\stm32f1xx_it.c                    0x00000000   Number         0  stm32f1xx_it.o ABSOLUTE
    ..\\Src\\contact.c                       0x00000000   Number         0  contact.o ABSOLUTE
    ..\\Src\\encoder.c                       0x00000000   Number         0  encoder.o ABSOLUTE
    ..\\Src\\motor.c                         0x00000000   Number         0  motor.o ABSOLUTE
    ..\\Src\\odometry.c                      0x00000000   Number         0  odometry.o ABSOLUTE
    ..\\Src\system_stm32f1xx.c               0x00000000   Number         0  system_stm32f1xx.o ABSOLUTE
    cfrcmple.s                               0x00000000   Number         0  cfrcmple.o ABSOLUTE
    dc.s                                     0x00000000   Number         0  dc.o ABSOLUTE
    handlers.s                               0x00000000   Number         0  handlers.o ABSOLUTE
    init.s                                   0x00000000   Number         0  init.o ABSOLUTE
    startup_stm32f103xb.s                    0x00000000   Number         0  startup_stm32f103xb.o ABSOLUTE
    RESET                                    0x08000000   Section      236  startup_stm32f103xb.o(RESET)
    .ARM.Collect$$$$00000000                 0x080000ec   Section        0  entry.o(.ARM.Collect$$$$00000000)
    .ARM.Collect$$$$00000001                 0x080000ec   Section        4  entry2.o(.ARM.Collect$$$$00000001)
    .ARM.Collect$$$$00000004                 0x080000f0   Section        4  entry5.o(.ARM.Collect$$$$00000004)
    .ARM.Collect$$$$00000008                 0x080000f4   Section        0  entry7b.o(.ARM.Collect$$$$00000008)
    .ARM.Collect$$$$0000000A                 0x080000f4   Section        0  entry8b.o(.ARM.Collect$$$$0000000A)
    .ARM.Collect$$$$0000000B                 0x080000f4   Section        8  entry9a.o(.ARM.Collect$$$$0000000B)
    .ARM.Collect$$$$0000000D                 0x080000fc   Section        0  entry10a.o(.ARM.Collect$$$$0000000D)
    .ARM.Collect$$$$0000000F                 0x080000fc   Section        0  entry11a.o(.ARM.Collect$$$$0000000F)
    .ARM.Collect$$$$00002712                 0x080000fc   Section        4  entry2.o(.ARM.Collect$$$$00002712)
    __lit__00000000                          0x080000fc   Data           4  entry2.o(.ARM.Collect$$$$00002712)
    .text                                    0x08000100   Section       36  startup_stm32f103xb.o(.text)
    .text                                    0x08000124   Section        0  llushr.o(.text)
    .text                                    0x08000144   Section        0  fadd.o(.text)
    .text                                    0x080001f4   Section        0  fmul.o(.text)
    .text                                    0x08000258   Section        0  fdiv.o(.text)
    .text                                    0x080002d4   Section        0  fscalb.o(.text)
    .text                                    0x080002ec   Section        0  fflti.o(.text)
    .text                                    0x080002fe   Section        0  ffixi.o(.text)
    .text                                    0x08000330   Section        0  f2d.o(.text)
    .text                                    0x08000356   Section        0  d2f.o(.text)
    .text                                    0x08000390   Section       20  cfrcmple.o(.text)
    .text                                    0x080003a4   Section        0  iusefp.o(.text)
    .text                                    0x080003a4   Section        0  fepilogue.o(.text)
    .text                                    0x08000414   Section       36  init.o(.text)
    .text                                    0x08000438   Section        0  dadd.o(.text)
    .text                                    0x08000586   Section        0  dmul.o(.text)
    .text                                    0x0800066a   Section        0  ddiv.o(.text)
    .text                                    0x08000748   Section        0  dscalb.o(.text)
    .text                                    0x08000776   Section        0  dflti.o(.text)
    .text                                    0x08000798   Section        0  dfltui.o(.text)
    .text                                    0x080007b2   Section        0  dfixi.o(.text)
    .text                                    0x080007f0   Section        0  llshl.o(.text)
    .text                                    0x0800080e   Section        0  llsshr.o(.text)
    .text                                    0x08000832   Section        0  depilogue.o(.text)
    i.DMA1_Channel5_IRQHandler               0x080008ec   Section        0  stm32f1xx_it.o(i.DMA1_Channel5_IRQHandler)
    i.DMA1_Channel6_IRQHandler               0x080008f8   Section        0  stm32f1xx_it.o(i.DMA1_Channel6_IRQHandler)
    i.DMA_SetConfig                          0x08000904   Section        0  stm32f1xx_hal_dma.o(i.DMA_SetConfig)
    DMA_SetConfig                            0x08000905   Thumb Code    42  stm32f1xx_hal_dma.o(i.DMA_SetConfig)
    i.HAL_DMA_Abort                          0x0800092e   Section        0  stm32f1xx_hal_dma.o(i.HAL_DMA_Abort)
    i.HAL_DMA_Abort_IT                       0x08000960   Section        0  stm32f1xx_hal_dma.o(i.HAL_DMA_Abort_IT)
    i.HAL_DMA_IRQHandler                     0x080009f8   Section        0  stm32f1xx_hal_dma.o(i.HAL_DMA_IRQHandler)
    i.HAL_DMA_Init                           0x08000b4c   Section        0  stm32f1xx_hal_dma.o(i.HAL_DMA_Init)
    i.HAL_DMA_Start_IT                       0x08000bb0   Section        0  stm32f1xx_hal_dma.o(i.HAL_DMA_Start_IT)
    i.HAL_GPIO_Init                          0x08000c20   Section        0  stm32f1xx_hal_gpio.o(i.HAL_GPIO_Init)
    i.HAL_GPIO_TogglePin                     0x08000ddc   Section        0  stm32f1xx_hal_gpio.o(i.HAL_GPIO_TogglePin)
    i.HAL_GPIO_WritePin                      0x08000de4   Section        0  stm32f1xx_hal_gpio.o(i.HAL_GPIO_WritePin)
    i.HAL_GetTick                            0x08000df0   Section        0  stm32f1xx_hal.o(i.HAL_GetTick)
    i.HAL_IncTick                            0x08000dfc   Section        0  stm32f1xx_hal.o(i.HAL_IncTick)
    i.HAL_Init                               0x08000e0c   Section        0  stm32f1xx_hal.o(i.HAL_Init)
    i.HAL_InitTick                           0x08000e30   Section        0  stm32f1xx_hal.o(i.HAL_InitTick)
    i.HAL_MspInit                            0x08000e58   Section        0  stm32f1xx_hal_msp.o(i.HAL_MspInit)
    i.HAL_NVIC_EnableIRQ                     0x08000eec   Section        0  stm32f1xx_hal_cortex.o(i.HAL_NVIC_EnableIRQ)
    i.HAL_NVIC_SetPriority                   0x08000f04   Section        0  stm32f1xx_hal_cortex.o(i.HAL_NVIC_SetPriority)
    i.HAL_NVIC_SetPriorityGrouping           0x08000f44   Section        0  stm32f1xx_hal_cortex.o(i.HAL_NVIC_SetPriorityGrouping)
    i.HAL_RCC_ClockConfig                    0x08000f68   Section        0  stm32f1xx_hal_rcc.o(i.HAL_RCC_ClockConfig)
    i.HAL_RCC_GetHCLKFreq                    0x080010bc   Section        0  stm32f1xx_hal_rcc.o(i.HAL_RCC_GetHCLKFreq)
    i.HAL_RCC_GetPCLK1Freq                   0x080010c8   Section        0  stm32f1xx_hal_rcc.o(i.HAL_RCC_GetPCLK1Freq)
    i.HAL_RCC_GetPCLK2Freq                   0x080010e8   Section        0  stm32f1xx_hal_rcc.o(i.HAL_RCC_GetPCLK2Freq)
    i.HAL_RCC_GetSysClockFreq                0x08001108   Section        0  stm32f1xx_hal_rcc.o(i.HAL_RCC_GetSysClockFreq)
    i.HAL_RCC_OscConfig                      0x08001174   Section        0  stm32f1xx_hal_rcc.o(i.HAL_RCC_OscConfig)
    i.HAL_SYSTICK_CLKSourceConfig            0x08001478   Section        0  stm32f1xx_hal_cortex.o(i.HAL_SYSTICK_CLKSourceConfig)
    i.HAL_SYSTICK_Callback                   0x08001490   Section        0  stm32f1xx_hal_cortex.o(i.HAL_SYSTICK_Callback)
    i.HAL_SYSTICK_Config                     0x08001492   Section        0  stm32f1xx_hal_cortex.o(i.HAL_SYSTICK_Config)
    i.HAL_SYSTICK_IRQHandler                 0x080014ba   Section        0  stm32f1xx_hal_cortex.o(i.HAL_SYSTICK_IRQHandler)
    i.HAL_TIMEx_BreakCallback                0x080014c2   Section        0  stm32f1xx_hal_tim_ex.o(i.HAL_TIMEx_BreakCallback)
    i.HAL_TIMEx_CommutationCallback          0x080014c4   Section        0  stm32f1xx_hal_tim_ex.o(i.HAL_TIMEx_CommutationCallback)
    i.HAL_TIMEx_MasterConfigSynchronization  0x080014c6   Section        0  stm32f1xx_hal_tim_ex.o(i.HAL_TIMEx_MasterConfigSynchronization)
    i.HAL_TIM_Base_Init                      0x08001516   Section        0  stm32f1xx_hal_tim.o(i.HAL_TIM_Base_Init)
    i.HAL_TIM_Base_MspInit                   0x0800154c   Section        0  stm32f1xx_hal_msp.o(i.HAL_TIM_Base_MspInit)
    i.HAL_TIM_Base_Start_IT                  0x080015ac   Section        0  stm32f1xx_hal_tim.o(i.HAL_TIM_Base_Start_IT)
    i.HAL_TIM_ConfigClockSource              0x080015c4   Section        0  stm32f1xx_hal_tim.o(i.HAL_TIM_ConfigClockSource)
    i.HAL_TIM_IC_CaptureCallback             0x080016b6   Section        0  stm32f1xx_hal_tim.o(i.HAL_TIM_IC_CaptureCallback)
    i.HAL_TIM_IRQHandler                     0x080016b8   Section        0  stm32f1xx_hal_tim.o(i.HAL_TIM_IRQHandler)
    i.HAL_TIM_MspPostInit                    0x08001820   Section        0  stm32f1xx_hal_msp.o(i.HAL_TIM_MspPostInit)
    i.HAL_TIM_OC_DelayElapsedCallback        0x0800185c   Section        0  stm32f1xx_hal_tim.o(i.HAL_TIM_OC_DelayElapsedCallback)
    i.HAL_TIM_PWM_ConfigChannel              0x0800185e   Section        0  stm32f1xx_hal_tim.o(i.HAL_TIM_PWM_ConfigChannel)
    i.HAL_TIM_PWM_Init                       0x0800192e   Section        0  stm32f1xx_hal_tim.o(i.HAL_TIM_PWM_Init)
    i.HAL_TIM_PWM_MspInit                    0x08001964   Section        0  stm32f1xx_hal_msp.o(i.HAL_TIM_PWM_MspInit)
    i.HAL_TIM_PWM_PulseFinishedCallback      0x0800198c   Section        0  stm32f1xx_hal_tim.o(i.HAL_TIM_PWM_PulseFinishedCallback)
    i.HAL_TIM_PWM_Start                      0x08001990   Section        0  stm32f1xx_hal_tim.o(i.HAL_TIM_PWM_Start)
    i.HAL_TIM_PeriodElapsedCallback          0x080019c0   Section        0  main.o(i.HAL_TIM_PeriodElapsedCallback)
    i.HAL_TIM_TriggerCallback                0x08001a28   Section        0  stm32f1xx_hal_tim.o(i.HAL_TIM_TriggerCallback)
    i.HAL_UART_DMAStop                       0x08001a2a   Section        0  stm32f1xx_hal_uart.o(i.HAL_UART_DMAStop)
    i.HAL_UART_ErrorCallback                 0x08001a82   Section        0  stm32f1xx_hal_uart.o(i.HAL_UART_ErrorCallback)
    i.HAL_UART_IRQHandler                    0x08001a84   Section        0  stm32f1xx_hal_uart.o(i.HAL_UART_IRQHandler)
    i.HAL_UART_Init                          0x08001b94   Section        0  stm32f1xx_hal_uart.o(i.HAL_UART_Init)
    i.HAL_UART_MspInit                       0x08001bf8   Section        0  stm32f1xx_hal_msp.o(i.HAL_UART_MspInit)
    i.HAL_UART_Receive_DMA                   0x08001d50   Section        0  stm32f1xx_hal_uart.o(i.HAL_UART_Receive_DMA)
    i.HAL_UART_Receive_IT                    0x08001de8   Section        0  stm32f1xx_hal_uart.o(i.HAL_UART_Receive_IT)
    i.HAL_UART_RxCpltCallback                0x08001e3a   Section        0  stm32f1xx_hal_uart.o(i.HAL_UART_RxCpltCallback)
    i.HAL_UART_RxHalfCpltCallback            0x08001e3c   Section        0  stm32f1xx_hal_uart.o(i.HAL_UART_RxHalfCpltCallback)
    i.HAL_UART_Transmit_IT                   0x08001e3e   Section        0  stm32f1xx_hal_uart.o(i.HAL_UART_Transmit_IT)
    i.HAL_UART_TxCpltCallback                0x08001e7c   Section        0  stm32f1xx_hal_uart.o(i.HAL_UART_TxCpltCallback)
    i.LeftMovingSpeedW                       0x08001e80   Section        0  contact.o(i.LeftMovingSpeedW)
    i.MX_GPIO_Init                           0x08001ef0   Section        0  main.o(i.MX_GPIO_Init)
    MX_GPIO_Init                             0x08001ef1   Thumb Code   136  main.o(i.MX_GPIO_Init)
    i.MX_TIM1_Init                           0x08001f84   Section        0  main.o(i.MX_TIM1_Init)
    MX_TIM1_Init                             0x08001f85   Thumb Code    80  main.o(i.MX_TIM1_Init)
    i.MX_TIM2_Init                           0x08001fdc   Section        0  main.o(i.MX_TIM2_Init)
    MX_TIM2_Init                             0x08001fdd   Thumb Code    80  main.o(i.MX_TIM2_Init)
    i.MX_TIM3_Init                           0x08002030   Section        0  main.o(i.MX_TIM3_Init)
    MX_TIM3_Init                             0x08002031   Thumb Code   134  main.o(i.MX_TIM3_Init)
    i.NVIC_SetPriority                       0x080020c0   Section        0  stm32f1xx_hal_cortex.o(i.NVIC_SetPriority)
    NVIC_SetPriority                         0x080020c1   Thumb Code    32  stm32f1xx_hal_cortex.o(i.NVIC_SetPriority)
    i.PWM_LEFT                               0x080020e0   Section        0  motor.o(i.PWM_LEFT)
    i.PWM_LEFT2                              0x080020f0   Section        0  motor.o(i.PWM_LEFT2)
    i.PWM_RIGHT                              0x08002100   Section        0  motor.o(i.PWM_RIGHT)
    i.PWM_RIGHT2                             0x08002110   Section        0  motor.o(i.PWM_RIGHT2)
    i.RightMovingSpeedW                      0x08002120   Section        0  contact.o(i.RightMovingSpeedW)
    i.SysTick_Handler                        0x08002190   Section        0  stm32f1xx_it.o(i.SysTick_Handler)
    i.SystemClock_Config                     0x0800219e   Section        0  main.o(i.SystemClock_Config)
    i.SystemInit                             0x08002208   Section        0  system_stm32f1xx.o(i.SystemInit)
    i.TIM1_UP_IRQHandler                     0x08002250   Section        0  stm32f1xx_it.o(i.TIM1_UP_IRQHandler)
    i.TIM2_IRQHandler                        0x0800225c   Section        0  stm32f1xx_it.o(i.TIM2_IRQHandler)
    i.TIM_Base_SetConfig                     0x08002268   Section        0  stm32f1xx_hal_tim.o(i.TIM_Base_SetConfig)
    i.TIM_CCxChannelCmd                      0x080022d4   Section        0  stm32f1xx_hal_tim.o(i.TIM_CCxChannelCmd)
    i.TIM_ETR_SetConfig                      0x080022ea   Section        0  stm32f1xx_hal_tim.o(i.TIM_ETR_SetConfig)
    TIM_ETR_SetConfig                        0x080022eb   Thumb Code    20  stm32f1xx_hal_tim.o(i.TIM_ETR_SetConfig)
    i.TIM_ITRx_SetConfig                     0x080022fe   Section        0  stm32f1xx_hal_tim.o(i.TIM_ITRx_SetConfig)
    TIM_ITRx_SetConfig                       0x080022ff   Thumb Code    16  stm32f1xx_hal_tim.o(i.TIM_ITRx_SetConfig)
    i.TIM_OC1_SetConfig                      0x08002310   Section        0  stm32f1xx_hal_tim.o(i.TIM_OC1_SetConfig)
    TIM_OC1_SetConfig                        0x08002311   Thumb Code    74  stm32f1xx_hal_tim.o(i.TIM_OC1_SetConfig)
    i.TIM_OC2_SetConfig                      0x08002360   Section        0  stm32f1xx_hal_tim.o(i.TIM_OC2_SetConfig)
    i.TIM_OC3_SetConfig                      0x080023b8   Section        0  stm32f1xx_hal_tim.o(i.TIM_OC3_SetConfig)
    TIM_OC3_SetConfig                        0x080023b9   Thumb Code    82  stm32f1xx_hal_tim.o(i.TIM_OC3_SetConfig)
    i.TIM_OC4_SetConfig                      0x08002410   Section        0  stm32f1xx_hal_tim.o(i.TIM_OC4_SetConfig)
    TIM_OC4_SetConfig                        0x08002411   Thumb Code    64  stm32f1xx_hal_tim.o(i.TIM_OC4_SetConfig)
    i.TIM_TI1_ConfigInputStage               0x08002454   Section        0  stm32f1xx_hal_tim.o(i.TIM_TI1_ConfigInputStage)
    TIM_TI1_ConfigInputStage                 0x08002455   Thumb Code    34  stm32f1xx_hal_tim.o(i.TIM_TI1_ConfigInputStage)
    i.TIM_TI2_ConfigInputStage               0x08002476   Section        0  stm32f1xx_hal_tim.o(i.TIM_TI2_ConfigInputStage)
    TIM_TI2_ConfigInputStage                 0x08002477   Thumb Code    36  stm32f1xx_hal_tim.o(i.TIM_TI2_ConfigInputStage)
    i.UART_DMAAbortOnError                   0x0800249a   Section        0  stm32f1xx_hal_uart.o(i.UART_DMAAbortOnError)
    UART_DMAAbortOnError                     0x0800249b   Thumb Code    16  stm32f1xx_hal_uart.o(i.UART_DMAAbortOnError)
    i.UART_DMAError                          0x080024aa   Section        0  stm32f1xx_hal_uart.o(i.UART_DMAError)
    UART_DMAError                            0x080024ab   Thumb Code    74  stm32f1xx_hal_uart.o(i.UART_DMAError)
    i.UART_DMAReceiveCplt                    0x080024f4   Section        0  stm32f1xx_hal_uart.o(i.UART_DMAReceiveCplt)
    UART_DMAReceiveCplt                      0x080024f5   Thumb Code    60  stm32f1xx_hal_uart.o(i.UART_DMAReceiveCplt)
    i.UART_DMARxHalfCplt                     0x08002530   Section        0  stm32f1xx_hal_uart.o(i.UART_DMARxHalfCplt)
    UART_DMARxHalfCplt                       0x08002531   Thumb Code    10  stm32f1xx_hal_uart.o(i.UART_DMARxHalfCplt)
    i.UART_EndRxTransfer                     0x0800253a   Section        0  stm32f1xx_hal_uart.o(i.UART_EndRxTransfer)
    UART_EndRxTransfer                       0x0800253b   Thumb Code    28  stm32f1xx_hal_uart.o(i.UART_EndRxTransfer)
    i.UART_EndTxTransfer                     0x08002556   Section        0  stm32f1xx_hal_uart.o(i.UART_EndTxTransfer)
    UART_EndTxTransfer                       0x08002557   Thumb Code    18  stm32f1xx_hal_uart.o(i.UART_EndTxTransfer)
    i.UART_Receive_IT                        0x08002568   Section        0  stm32f1xx_hal_uart.o(i.UART_Receive_IT)
    UART_Receive_IT                          0x08002569   Thumb Code   150  stm32f1xx_hal_uart.o(i.UART_Receive_IT)
    i.UART_SetConfig                         0x08002600   Section        0  stm32f1xx_hal_uart.o(i.UART_SetConfig)
    UART_SetConfig                           0x08002601   Thumb Code   364  stm32f1xx_hal_uart.o(i.UART_SetConfig)
    i.UART_Transmit_IT                       0x08002770   Section        0  stm32f1xx_hal_uart.o(i.UART_Transmit_IT)
    UART_Transmit_IT                         0x08002771   Thumb Code    98  stm32f1xx_hal_uart.o(i.UART_Transmit_IT)
    i.USART1_IRQHandler                      0x080027d4   Section        0  stm32f1xx_it.o(i.USART1_IRQHandler)
    i.USART2_IRQHandler                      0x08002824   Section        0  stm32f1xx_it.o(i.USART2_IRQHandler)
    i.USART3_IRQHandler                      0x08002874   Section        0  stm32f1xx_it.o(i.USART3_IRQHandler)
    i._Error_Handler                         0x080028f4   Section        0  main.o(i._Error_Handler)
    i.__ARM_fpclassify                       0x080028f6   Section        0  fpclassify.o(i.__ARM_fpclassify)
    i.__ieee754_rem_pio2                     0x08002920   Section        0  rred.o(i.__ieee754_rem_pio2)
    i.__kernel_cos                           0x08002ca8   Section        0  cos_i.o(i.__kernel_cos)
    i.__kernel_poly                          0x08002da4   Section        0  poly.o(i.__kernel_poly)
    i.__kernel_sin                           0x08002e50   Section        0  sin_i.o(i.__kernel_sin)
    i.__mathlib_dbl_infnan                   0x08002f3c   Section        0  dunder.o(i.__mathlib_dbl_infnan)
    i.__mathlib_dbl_invalid                  0x08002f42   Section        0  dunder.o(i.__mathlib_dbl_invalid)
    i.__mathlib_dbl_underflow                0x08002f50   Section        0  dunder.o(i.__mathlib_dbl_underflow)
    i.__scatterload_copy                     0x08002f60   Section       14  handlers.o(i.__scatterload_copy)
    i.__scatterload_null                     0x08002f6e   Section        2  handlers.o(i.__scatterload_null)
    i.__scatterload_zeroinit                 0x08002f70   Section       14  handlers.o(i.__scatterload_zeroinit)
    i.__set_errno                            0x08002f80   Section        0  errno.o(i.__set_errno)
    i.car_control                            0x08002f8c   Section        0  contact.o(i.car_control)
    i.cos                                    0x08002fb8   Section        0  cos.o(i.cos)
    i.main                                   0x08003054   Section        0  main.o(i.main)
    i.odometry                               0x08003278   Section        0  odometry.o(i.odometry)
    i.output_four_neg_int_speed              0x08003404   Section        0  encoder.o(i.output_four_neg_int_speed)
    i.output_four_pos_int_speed              0x08003498   Section        0  encoder.o(i.output_four_pos_int_speed)
    i.output_one_neg_int_speed               0x0800352c   Section        0  encoder.o(i.output_one_neg_int_speed)
    i.output_one_pos_int_speed               0x0800353e   Section        0  encoder.o(i.output_one_pos_int_speed)
    i.output_speed                           0x08003550   Section        0  encoder.o(i.output_speed)
    i.output_three_neg_int_speed             0x080035cc   Section        0  encoder.o(i.output_three_neg_int_speed)
    i.output_three_pos_int_speed             0x0800364c   Section        0  encoder.o(i.output_three_pos_int_speed)
    i.output_two_neg_int_speed               0x080036cc   Section        0  encoder.o(i.output_two_neg_int_speed)
    i.output_two_pos_int_speed               0x08003728   Section        0  encoder.o(i.output_two_pos_int_speed)
    i.sin                                    0x08003784   Section        0  sin.o(i.sin)
    i.uartdamget_left                        0x08003824   Section        0  main.o(i.uartdamget_left)
    i.uartdamget_right                       0x08003884   Section        0  main.o(i.uartdamget_right)
    .constdata                               0x080038e4   Section       16  system_stm32f1xx.o(.constdata)
    .constdata                               0x080038f4   Section        8  system_stm32f1xx.o(.constdata)
    .constdata                               0x08003900   Section       48  cos_i.o(.constdata)
    C                                        0x08003900   Data          48  cos_i.o(.constdata)
    .constdata                               0x08003930   Section      200  rred.o(.constdata)
    pio2s                                    0x08003930   Data          48  rred.o(.constdata)
    twooverpi                                0x08003960   Data         152  rred.o(.constdata)
    .constdata                               0x080039f8   Section       40  sin_i.o(.constdata)
    S                                        0x080039f8   Data          40  sin_i.o(.constdata)
    .data                                    0x20000000   Section       49  main.o(.data)
    .data                                    0x20000034   Section       16  stm32f1xx_it.o(.data)
    .data                                    0x20000044   Section       96  odometry.o(.data)
    .data                                    0x200000a4   Section        4  stm32f1xx_hal.o(.data)
    .data                                    0x200000a8   Section        4  system_stm32f1xx.o(.data)
    .data                                    0x200000ac   Section        4  errno.o(.data)
    _errno                                   0x200000ac   Data           4  errno.o(.data)
    .bss                                     0x200000b0   Section      448  main.o(.bss)
    .bss                                     0x20000270   Section       68  main.o(.bss)
    .bss                                     0x200002b4   Section       68  main.o(.bss)
    .bss                                     0x200002f8   Section       20  stm32f1xx_it.o(.bss)
    STACK                                    0x20000310   Section     1024  startup_stm32f103xb.o(STACK)

    Global Symbols

    Symbol Name                              Value     Ov Type        Size  Object(Section)

    BuildAttributes$$THM_ISAv4$P$D$K$B$S$PE$A:L22UL41UL21$X:L11$S22US41US21$IEEE1$IW$USESV6$~STKCKD$USESV7$~SHL$OTIME$ROPI$IEEEX$EBA8$MICROLIB$REQ8$PRES8$EABIv2 0x00000000   Number         0  anon$$obj.o ABSOLUTE
    __ARM_use_no_argv                        0x00000000   Number         0  main.o ABSOLUTE
    __cpp_initialize__aeabi_                  - Undefined Weak Reference
    __cxa_finalize                            - Undefined Weak Reference
    __decompress                              - Undefined Weak Reference
    _clock_init                               - Undefined Weak Reference
    _microlib_exit                            - Undefined Weak Reference
    __Vectors_Size                           0x000000ec   Number         0  startup_stm32f103xb.o ABSOLUTE
    __Vectors                                0x08000000   Data           4  startup_stm32f103xb.o(RESET)
    __Vectors_End                            0x080000ec   Data           0  startup_stm32f103xb.o(RESET)
    __main                                   0x080000ed   Thumb Code     0  entry.o(.ARM.Collect$$$$00000000)
    _main_stk                                0x080000ed   Thumb Code     0  entry2.o(.ARM.Collect$$$$00000001)
    _main_scatterload                        0x080000f1   Thumb Code     0  entry5.o(.ARM.Collect$$$$00000004)
    __main_after_scatterload                 0x080000f5   Thumb Code     0  entry5.o(.ARM.Collect$$$$00000004)
    _main_clock                              0x080000f5   Thumb Code     0  entry7b.o(.ARM.Collect$$$$00000008)
    _main_cpp_init                           0x080000f5   Thumb Code     0  entry8b.o(.ARM.Collect$$$$0000000A)
    _main_init                               0x080000f5   Thumb Code     0  entry9a.o(.ARM.Collect$$$$0000000B)
    __rt_final_cpp                           0x080000fd   Thumb Code     0  entry10a.o(.ARM.Collect$$$$0000000D)
    __rt_final_exit                          0x080000fd   Thumb Code     0  entry11a.o(.ARM.Collect$$$$0000000F)
    Reset_Handler                            0x08000101   Thumb Code     8  startup_stm32f103xb.o(.text)
    NMI_Handler                              0x08000109   Thumb Code     2  startup_stm32f103xb.o(.text)
    HardFault_Handler                        0x0800010b   Thumb Code     2  startup_stm32f103xb.o(.text)
    MemManage_Handler                        0x0800010d   Thumb Code     2  startup_stm32f103xb.o(.text)
    BusFault_Handler                         0x0800010f   Thumb Code     2  startup_stm32f103xb.o(.text)
    UsageFault_Handler                       0x08000111   Thumb Code     2  startup_stm32f103xb.o(.text)
    SVC_Handler                              0x08000113   Thumb Code     2  startup_stm32f103xb.o(.text)
    DebugMon_Handler                         0x08000115   Thumb Code     2  startup_stm32f103xb.o(.text)
    PendSV_Handler                           0x08000117   Thumb Code     2  startup_stm32f103xb.o(.text)
    ADC1_2_IRQHandler                        0x0800011b   Thumb Code     0  startup_stm32f103xb.o(.text)
    CAN1_RX1_IRQHandler                      0x0800011b   Thumb Code     0  startup_stm32f103xb.o(.text)
    CAN1_SCE_IRQHandler                      0x0800011b   Thumb Code     0  startup_stm32f103xb.o(.text)
    DMA1_Channel1_IRQHandler                 0x0800011b   Thumb Code     0  startup_stm32f103xb.o(.text)
    DMA1_Channel2_IRQHandler                 0x0800011b   Thumb Code     0  startup_stm32f103xb.o(.text)
    DMA1_Channel3_IRQHandler                 0x0800011b   Thumb Code     0  startup_stm32f103xb.o(.text)
    DMA1_Channel4_IRQHandler                 0x0800011b   Thumb Code     0  startup_stm32f103xb.o(.text)
    DMA1_Channel7_IRQHandler                 0x0800011b   Thumb Code     0  startup_stm32f103xb.o(.text)
    EXTI0_IRQHandler                         0x0800011b   Thumb Code     0  startup_stm32f103xb.o(.text)
    EXTI15_10_IRQHandler                     0x0800011b   Thumb Code     0  startup_stm32f103xb.o(.text)
    EXTI1_IRQHandler                         0x0800011b   Thumb Code     0  startup_stm32f103xb.o(.text)
    EXTI2_IRQHandler                         0x0800011b   Thumb Code     0  startup_stm32f103xb.o(.text)
    EXTI3_IRQHandler                         0x0800011b   Thumb Code     0  startup_stm32f103xb.o(.text)
    EXTI4_IRQHandler                         0x0800011b   Thumb Code     0  startup_stm32f103xb.o(.text)
    EXTI9_5_IRQHandler                       0x0800011b   Thumb Code     0  startup_stm32f103xb.o(.text)
    FLASH_IRQHandler                         0x0800011b   Thumb Code     0  startup_stm32f103xb.o(.text)
    I2C1_ER_IRQHandler                       0x0800011b   Thumb Code     0  startup_stm32f103xb.o(.text)
    I2C1_EV_IRQHandler                       0x0800011b   Thumb Code     0  startup_stm32f103xb.o(.text)
    I2C2_ER_IRQHandler                       0x0800011b   Thumb Code     0  startup_stm32f103xb.o(.text)
    I2C2_EV_IRQHandler                       0x0800011b   Thumb Code     0  startup_stm32f103xb.o(.text)
    PVD_IRQHandler                           0x0800011b   Thumb Code     0  startup_stm32f103xb.o(.text)
    RCC_IRQHandler                           0x0800011b   Thumb Code     0  startup_stm32f103xb.o(.text)
    RTC_Alarm_IRQHandler                     0x0800011b   Thumb Code     0  startup_stm32f103xb.o(.text)
    RTC_IRQHandler                           0x0800011b   Thumb Code     0  startup_stm32f103xb.o(.text)
    SPI1_IRQHandler                          0x0800011b   Thumb Code     0  startup_stm32f103xb.o(.text)
    SPI2_IRQHandler                          0x0800011b   Thumb Code     0  startup_stm32f103xb.o(.text)
    TAMPER_IRQHandler                        0x0800011b   Thumb Code     0  startup_stm32f103xb.o(.text)
    TIM1_BRK_IRQHandler                      0x0800011b   Thumb Code     0  startup_stm32f103xb.o(.text)
    TIM1_CC_IRQHandler                       0x0800011b   Thumb Code     0  startup_stm32f103xb.o(.text)
    TIM1_TRG_COM_IRQHandler                  0x0800011b   Thumb Code     0  startup_stm32f103xb.o(.text)
    TIM3_IRQHandler                          0x0800011b   Thumb Code     0  startup_stm32f103xb.o(.text)
    TIM4_IRQHandler                          0x0800011b   Thumb Code     0  startup_stm32f103xb.o(.text)
    USBWakeUp_IRQHandler                     0x0800011b   Thumb Code     0  startup_stm32f103xb.o(.text)
    USB_HP_CAN1_TX_IRQHandler                0x0800011b   Thumb Code     0  startup_stm32f103xb.o(.text)
    USB_LP_CAN1_RX0_IRQHandler               0x0800011b   Thumb Code     0  startup_stm32f103xb.o(.text)
    WWDG_IRQHandler                          0x0800011b   Thumb Code     0  startup_stm32f103xb.o(.text)
    __aeabi_llsr                             0x08000125   Thumb Code    32  llushr.o(.text)
    _ll_ushift_r                             0x08000125   Thumb Code     0  llushr.o(.text)
    __aeabi_fadd                             0x08000145   Thumb Code   164  fadd.o(.text)
    __aeabi_fsub                             0x080001e9   Thumb Code     6  fadd.o(.text)
    __aeabi_frsub                            0x080001ef   Thumb Code     6  fadd.o(.text)
    __aeabi_fmul                             0x080001f5   Thumb Code   100  fmul.o(.text)
    __aeabi_fdiv                             0x08000259   Thumb Code   124  fdiv.o(.text)
    __ARM_scalbnf                            0x080002d5   Thumb Code    24  fscalb.o(.text)
    scalbnf                                  0x080002d5   Thumb Code     0  fscalb.o(.text)
    __aeabi_i2f                              0x080002ed   Thumb Code    18  fflti.o(.text)
    __aeabi_f2iz                             0x080002ff   Thumb Code    50  ffixi.o(.text)
    __aeabi_f2d                              0x08000331   Thumb Code    38  f2d.o(.text)
    __aeabi_d2f                              0x08000357   Thumb Code    56  d2f.o(.text)
    __aeabi_cfrcmple                         0x08000391   Thumb Code    20  cfrcmple.o(.text)
    __I$use$fp                               0x080003a5   Thumb Code     0  iusefp.o(.text)
    _float_round                             0x080003a5   Thumb Code    18  fepilogue.o(.text)
    _float_epilogue                          0x080003b7   Thumb Code    92  fepilogue.o(.text)
    __scatterload                            0x08000415   Thumb Code    28  init.o(.text)
    __scatterload_rt2                        0x08000415   Thumb Code     0  init.o(.text)
    __aeabi_dadd                             0x08000439   Thumb Code   322  dadd.o(.text)
    __aeabi_dsub                             0x0800057b   Thumb Code     6  dadd.o(.text)
    __aeabi_drsub                            0x08000581   Thumb Code     6  dadd.o(.text)
    __aeabi_dmul                             0x08000587   Thumb Code   228  dmul.o(.text)
    __aeabi_ddiv                             0x0800066b   Thumb Code   222  ddiv.o(.text)
    __ARM_scalbn                             0x08000749   Thumb Code    46  dscalb.o(.text)
    scalbn                                   0x08000749   Thumb Code     0  dscalb.o(.text)
    __aeabi_i2d                              0x08000777   Thumb Code    34  dflti.o(.text)
    __aeabi_ui2d                             0x08000799   Thumb Code    26  dfltui.o(.text)
    __aeabi_d2iz                             0x080007b3   Thumb Code    62  dfixi.o(.text)
    __aeabi_llsl                             0x080007f1   Thumb Code    30  llshl.o(.text)
    _ll_shift_l                              0x080007f1   Thumb Code     0  llshl.o(.text)
    __aeabi_lasr                             0x0800080f   Thumb Code    36  llsshr.o(.text)
    _ll_sshift_r                             0x0800080f   Thumb Code     0  llsshr.o(.text)
    _double_round                            0x08000833   Thumb Code    30  depilogue.o(.text)
    _double_epilogue                         0x08000851   Thumb Code   156  depilogue.o(.text)
    DMA1_Channel5_IRQHandler                 0x080008ed   Thumb Code     6  stm32f1xx_it.o(i.DMA1_Channel5_IRQHandler)
    DMA1_Channel6_IRQHandler                 0x080008f9   Thumb Code     6  stm32f1xx_it.o(i.DMA1_Channel6_IRQHandler)
    HAL_DMA_Abort                            0x0800092f   Thumb Code    48  stm32f1xx_hal_dma.o(i.HAL_DMA_Abort)
    HAL_DMA_Abort_IT                         0x08000961   Thumb Code   148  stm32f1xx_hal_dma.o(i.HAL_DMA_Abort_IT)
    HAL_DMA_IRQHandler                       0x080009f9   Thumb Code   316  stm32f1xx_hal_dma.o(i.HAL_DMA_IRQHandler)
    HAL_DMA_Init                             0x08000b4d   Thumb Code    92  stm32f1xx_hal_dma.o(i.HAL_DMA_Init)
    HAL_DMA_Start_IT                         0x08000bb1   Thumb Code   112  stm32f1xx_hal_dma.o(i.HAL_DMA_Start_IT)
    HAL_GPIO_Init                            0x08000c21   Thumb Code   408  stm32f1xx_hal_gpio.o(i.HAL_GPIO_Init)
    HAL_GPIO_TogglePin                       0x08000ddd   Thumb Code     8  stm32f1xx_hal_gpio.o(i.HAL_GPIO_TogglePin)
    HAL_GPIO_WritePin                        0x08000de5   Thumb Code    10  stm32f1xx_hal_gpio.o(i.HAL_GPIO_WritePin)
    HAL_GetTick                              0x08000df1   Thumb Code     6  stm32f1xx_hal.o(i.HAL_GetTick)
    HAL_IncTick                              0x08000dfd   Thumb Code    10  stm32f1xx_hal.o(i.HAL_IncTick)
    HAL_Init                                 0x08000e0d   Thumb Code    32  stm32f1xx_hal.o(i.HAL_Init)
    HAL_InitTick                             0x08000e31   Thumb Code    34  stm32f1xx_hal.o(i.HAL_InitTick)
    HAL_MspInit                              0x08000e59   Thumb Code   138  stm32f1xx_hal_msp.o(i.HAL_MspInit)
    HAL_NVIC_EnableIRQ                       0x08000eed   Thumb Code    22  stm32f1xx_hal_cortex.o(i.HAL_NVIC_EnableIRQ)
    HAL_NVIC_SetPriority                     0x08000f05   Thumb Code    60  stm32f1xx_hal_cortex.o(i.HAL_NVIC_SetPriority)
    HAL_NVIC_SetPriorityGrouping             0x08000f45   Thumb Code    26  stm32f1xx_hal_cortex.o(i.HAL_NVIC_SetPriorityGrouping)
    HAL_RCC_ClockConfig                      0x08000f69   Thumb Code   322  stm32f1xx_hal_rcc.o(i.HAL_RCC_ClockConfig)
    HAL_RCC_GetHCLKFreq                      0x080010bd   Thumb Code     6  stm32f1xx_hal_rcc.o(i.HAL_RCC_GetHCLKFreq)
    HAL_RCC_GetPCLK1Freq                     0x080010c9   Thumb Code    20  stm32f1xx_hal_rcc.o(i.HAL_RCC_GetPCLK1Freq)
    HAL_RCC_GetPCLK2Freq                     0x080010e9   Thumb Code    20  stm32f1xx_hal_rcc.o(i.HAL_RCC_GetPCLK2Freq)
    HAL_RCC_GetSysClockFreq                  0x08001109   Thumb Code    74  stm32f1xx_hal_rcc.o(i.HAL_RCC_GetSysClockFreq)
    HAL_RCC_OscConfig                        0x08001175   Thumb Code   750  stm32f1xx_hal_rcc.o(i.HAL_RCC_OscConfig)
    HAL_SYSTICK_CLKSourceConfig              0x08001479   Thumb Code    24  stm32f1xx_hal_cortex.o(i.HAL_SYSTICK_CLKSourceConfig)
    HAL_SYSTICK_Callback                     0x08001491   Thumb Code     2  stm32f1xx_hal_cortex.o(i.HAL_SYSTICK_Callback)
    HAL_SYSTICK_Config                       0x08001493   Thumb Code    40  stm32f1xx_hal_cortex.o(i.HAL_SYSTICK_Config)
    HAL_SYSTICK_IRQHandler                   0x080014bb   Thumb Code     8  stm32f1xx_hal_cortex.o(i.HAL_SYSTICK_IRQHandler)
    HAL_TIMEx_BreakCallback                  0x080014c3   Thumb Code     2  stm32f1xx_hal_tim_ex.o(i.HAL_TIMEx_BreakCallback)
    HAL_TIMEx_CommutationCallback            0x080014c5   Thumb Code     2  stm32f1xx_hal_tim_ex.o(i.HAL_TIMEx_CommutationCallback)
    HAL_TIMEx_MasterConfigSynchronization    0x080014c7   Thumb Code    80  stm32f1xx_hal_tim_ex.o(i.HAL_TIMEx_MasterConfigSynchronization)
    HAL_TIM_Base_Init                        0x08001517   Thumb Code    54  stm32f1xx_hal_tim.o(i.HAL_TIM_Base_Init)
    HAL_TIM_Base_MspInit                     0x0800154d   Thumb Code    86  stm32f1xx_hal_msp.o(i.HAL_TIM_Base_MspInit)
    HAL_TIM_Base_Start_IT                    0x080015ad   Thumb Code    24  stm32f1xx_hal_tim.o(i.HAL_TIM_Base_Start_IT)
    HAL_TIM_ConfigClockSource                0x080015c5   Thumb Code   242  stm32f1xx_hal_tim.o(i.HAL_TIM_ConfigClockSource)
    HAL_TIM_IC_CaptureCallback               0x080016b7   Thumb Code     2  stm32f1xx_hal_tim.o(i.HAL_TIM_IC_CaptureCallback)
    HAL_TIM_IRQHandler                       0x080016b9   Thumb Code   358  stm32f1xx_hal_tim.o(i.HAL_TIM_IRQHandler)
    HAL_TIM_MspPostInit                      0x08001821   Thumb Code    46  stm32f1xx_hal_msp.o(i.HAL_TIM_MspPostInit)
    HAL_TIM_OC_DelayElapsedCallback          0x0800185d   Thumb Code     2  stm32f1xx_hal_tim.o(i.HAL_TIM_OC_DelayElapsedCallback)
    HAL_TIM_PWM_ConfigChannel                0x0800185f   Thumb Code   208  stm32f1xx_hal_tim.o(i.HAL_TIM_PWM_ConfigChannel)
    HAL_TIM_PWM_Init                         0x0800192f   Thumb Code    54  stm32f1xx_hal_tim.o(i.HAL_TIM_PWM_Init)
    HAL_TIM_PWM_MspInit                      0x08001965   Thumb Code    30  stm32f1xx_hal_msp.o(i.HAL_TIM_PWM_MspInit)
    HAL_TIM_PWM_PulseFinishedCallback        0x0800198d   Thumb Code     2  stm32f1xx_hal_tim.o(i.HAL_TIM_PWM_PulseFinishedCallback)
    HAL_TIM_PWM_Start                        0x08001991   Thumb Code    42  stm32f1xx_hal_tim.o(i.HAL_TIM_PWM_Start)
    HAL_TIM_PeriodElapsedCallback            0x080019c1   Thumb Code    86  main.o(i.HAL_TIM_PeriodElapsedCallback)
    HAL_TIM_TriggerCallback                  0x08001a29   Thumb Code     2  stm32f1xx_hal_tim.o(i.HAL_TIM_TriggerCallback)
    HAL_UART_DMAStop                         0x08001a2b   Thumb Code    88  stm32f1xx_hal_uart.o(i.HAL_UART_DMAStop)
    HAL_UART_ErrorCallback                   0x08001a83   Thumb Code     2  stm32f1xx_hal_uart.o(i.HAL_UART_ErrorCallback)
    HAL_UART_IRQHandler                      0x08001a85   Thumb Code   266  stm32f1xx_hal_uart.o(i.HAL_UART_IRQHandler)
    HAL_UART_Init                            0x08001b95   Thumb Code    98  stm32f1xx_hal_uart.o(i.HAL_UART_Init)
    HAL_UART_MspInit                         0x08001bf9   Thumb Code   280  stm32f1xx_hal_msp.o(i.HAL_UART_MspInit)
    HAL_UART_Receive_DMA                     0x08001d51   Thumb Code   138  stm32f1xx_hal_uart.o(i.HAL_UART_Receive_DMA)
    HAL_UART_Receive_IT                      0x08001de9   Thumb Code    82  stm32f1xx_hal_uart.o(i.HAL_UART_Receive_IT)
    HAL_UART_RxCpltCallback                  0x08001e3b   Thumb Code     2  stm32f1xx_hal_uart.o(i.HAL_UART_RxCpltCallback)
    HAL_UART_RxHalfCpltCallback              0x08001e3d   Thumb Code     2  stm32f1xx_hal_uart.o(i.HAL_UART_RxHalfCpltCallback)
    HAL_UART_Transmit_IT                     0x08001e3f   Thumb Code    62  stm32f1xx_hal_uart.o(i.HAL_UART_Transmit_IT)
    HAL_UART_TxCpltCallback                  0x08001e7d   Thumb Code     2  stm32f1xx_hal_uart.o(i.HAL_UART_TxCpltCallback)
    LeftMovingSpeedW                         0x08001e81   Thumb Code   100  contact.o(i.LeftMovingSpeedW)
    PWM_LEFT                                 0x080020e1   Thumb Code    10  motor.o(i.PWM_LEFT)
    PWM_LEFT2                                0x080020f1   Thumb Code    10  motor.o(i.PWM_LEFT2)
    PWM_RIGHT                                0x08002101   Thumb Code    10  motor.o(i.PWM_RIGHT)
    PWM_RIGHT2                               0x08002111   Thumb Code    10  motor.o(i.PWM_RIGHT2)
    RightMovingSpeedW                        0x08002121   Thumb Code   100  contact.o(i.RightMovingSpeedW)
    SysTick_Handler                          0x08002191   Thumb Code    14  stm32f1xx_it.o(i.SysTick_Handler)
    SystemClock_Config                       0x0800219f   Thumb Code   104  main.o(i.SystemClock_Config)
    SystemInit                               0x08002209   Thumb Code    56  system_stm32f1xx.o(i.SystemInit)
    TIM1_UP_IRQHandler                       0x08002251   Thumb Code     6  stm32f1xx_it.o(i.TIM1_UP_IRQHandler)
    TIM2_IRQHandler                          0x0800225d   Thumb Code     6  stm32f1xx_it.o(i.TIM2_IRQHandler)
    TIM_Base_SetConfig                       0x08002269   Thumb Code    94  stm32f1xx_hal_tim.o(i.TIM_Base_SetConfig)
    TIM_CCxChannelCmd                        0x080022d5   Thumb Code    22  stm32f1xx_hal_tim.o(i.TIM_CCxChannelCmd)
    TIM_OC2_SetConfig                        0x08002361   Thumb Code    84  stm32f1xx_hal_tim.o(i.TIM_OC2_SetConfig)
    USART1_IRQHandler                        0x080027d5   Thumb Code    60  stm32f1xx_it.o(i.USART1_IRQHandler)
    USART2_IRQHandler                        0x08002825   Thumb Code    60  stm32f1xx_it.o(i.USART2_IRQHandler)
    USART3_IRQHandler                        0x08002875   Thumb Code   110  stm32f1xx_it.o(i.USART3_IRQHandler)
    _Error_Handler                           0x080028f5   Thumb Code     2  main.o(i._Error_Handler)
    __ARM_fpclassify                         0x080028f7   Thumb Code    40  fpclassify.o(i.__ARM_fpclassify)
    __ieee754_rem_pio2                       0x08002921   Thumb Code   828  rred.o(i.__ieee754_rem_pio2)
    __kernel_cos                             0x08002ca9   Thumb Code   230  cos_i.o(i.__kernel_cos)
    __kernel_poly                            0x08002da5   Thumb Code   170  poly.o(i.__kernel_poly)
    __kernel_sin                             0x08002e51   Thumb Code   224  sin_i.o(i.__kernel_sin)
    __mathlib_dbl_infnan                     0x08002f3d   Thumb Code     6  dunder.o(i.__mathlib_dbl_infnan)
    __mathlib_dbl_invalid                    0x08002f43   Thumb Code    12  dunder.o(i.__mathlib_dbl_invalid)
    __mathlib_dbl_underflow                  0x08002f51   Thumb Code    10  dunder.o(i.__mathlib_dbl_underflow)
    __scatterload_copy                       0x08002f61   Thumb Code    14  handlers.o(i.__scatterload_copy)
    __scatterload_null                       0x08002f6f   Thumb Code     2  handlers.o(i.__scatterload_null)
    __scatterload_zeroinit                   0x08002f71   Thumb Code    14  handlers.o(i.__scatterload_zeroinit)
    __set_errno                              0x08002f81   Thumb Code     6  errno.o(i.__set_errno)
    car_control                              0x08002f8d   Thumb Code    40  contact.o(i.car_control)
    cos                                      0x08002fb9   Thumb Code   148  cos.o(i.cos)
    main                                     0x08003055   Thumb Code   494  main.o(i.main)
    odometry                                 0x08003279   Thumb Code   366  odometry.o(i.odometry)
    output_four_neg_int_speed                0x08003405   Thumb Code   148  encoder.o(i.output_four_neg_int_speed)
    output_four_pos_int_speed                0x08003499   Thumb Code   148  encoder.o(i.output_four_pos_int_speed)
    output_one_neg_int_speed                 0x0800352d   Thumb Code    18  encoder.o(i.output_one_neg_int_speed)
    output_one_pos_int_speed                 0x0800353f   Thumb Code    18  encoder.o(i.output_one_pos_int_speed)
    output_speed                             0x08003551   Thumb Code   122  encoder.o(i.output_speed)
    output_three_neg_int_speed               0x080035cd   Thumb Code   122  encoder.o(i.output_three_neg_int_speed)
    output_three_pos_int_speed               0x0800364d   Thumb Code   122  encoder.o(i.output_three_pos_int_speed)
    output_two_neg_int_speed                 0x080036cd   Thumb Code    92  encoder.o(i.output_two_neg_int_speed)
    output_two_pos_int_speed                 0x08003729   Thumb Code    92  encoder.o(i.output_two_pos_int_speed)
    sin                                      0x08003785   Thumb Code   150  sin.o(i.sin)
    uartdamget_left                          0x08003825   Thumb Code    80  main.o(i.uartdamget_left)
    uartdamget_right                         0x08003885   Thumb Code    80  main.o(i.uartdamget_right)
    AHBPrescTable                            0x080038e4   Data          16  system_stm32f1xx.o(.constdata)
    APBPrescTable                            0x080038f4   Data           8  system_stm32f1xx.o(.constdata)
    Region$$Table$$Base                      0x08003a20   Number         0  anon$$obj.o(Region$$Table)
    Region$$Table$$Limit                     0x08003a40   Number         0  anon$$obj.o(Region$$Table)
    recv_end_flag_right                      0x20000000   Data           1  main.o(.data)
    Rx_len_right                             0x20000001   Data           1  main.o(.data)
    recv_end_flag_left                       0x20000002   Data           1  main.o(.data)
    Rx_len_left                              0x20000003   Data           1  main.o(.data)
    main_sta                                 0x20000004   Data           1  main.o(.data)
    speed_right                              0x20000008   Data           4  main.o(.data)
    speed_left                               0x2000000c   Data           4  main.o(.data)
    Milemeter_L_Motor                        0x20000010   Data           4  main.o(.data)
    Milemeter_R_Motor                        0x20000014   Data           4  main.o(.data)
    x_data                                   0x20000018   Data           4  main.o(.data)
    y_data                                   0x2000001c   Data           4  main.o(.data)
    theta_data                               0x20000020   Data           4  main.o(.data)
    vel_linear                               0x20000024   Data           4  main.o(.data)
    vel_angular                              0x20000028   Data           4  main.o(.data)
    aTxStartMessages                         0x2000002c   Data           5  main.o(.data)
    odometry_right                           0x20000034   Data           4  stm32f1xx_it.o(.data)
    odometry_left                            0x20000038   Data           4  stm32f1xx_it.o(.data)
    leftdata                                 0x2000003c   Data           4  stm32f1xx_it.o(.data)
    rightdata                                0x20000040   Data           4  stm32f1xx_it.o(.data)
    once                                     0x20000044   Data           1  odometry.o(.data)
    position_x                               0x20000048   Data           4  odometry.o(.data)
    position_y                               0x2000004c   Data           4  odometry.o(.data)
    oriention                                0x20000050   Data           4  odometry.o(.data)
    velocity_linear                          0x20000054   Data           4  odometry.o(.data)
    velocity_angular                         0x20000058   Data           4  odometry.o(.data)
    wheel_interval                           0x2000005c   Data           4  odometry.o(.data)
    multiplier                               0x20000060   Data           4  odometry.o(.data)
    deceleration_ratio                       0x20000064   Data           4  odometry.o(.data)
    wheel_diameter                           0x20000068   Data           4  odometry.o(.data)
    pi                                       0x2000006c   Data           4  odometry.o(.data)
    pi_2_1                                   0x20000070   Data           4  odometry.o(.data)
    dt                                       0x20000074   Data           4  odometry.o(.data)
    line_number                              0x20000078   Data           4  odometry.o(.data)
    oriention_interval                       0x2000007c   Data           4  odometry.o(.data)
    sin_                                     0x20000080   Data           4  odometry.o(.data)
    cos_                                     0x20000084   Data           4  odometry.o(.data)
    delta_distance                           0x20000088   Data           4  odometry.o(.data)
    delta_oriention                          0x2000008c   Data           4  odometry.o(.data)
    const_frame                              0x20000090   Data           4  odometry.o(.data)
    const_angle                              0x20000094   Data           4  odometry.o(.data)
    distance_sum                             0x20000098   Data           4  odometry.o(.data)
    distance_diff                            0x2000009c   Data           4  odometry.o(.data)
    oriention_1                              0x200000a0   Data           4  odometry.o(.data)
    uwTick                                   0x200000a4   Data           4  stm32f1xx_hal.o(.data)
    SystemCoreClock                          0x200000a8   Data           4  system_stm32f1xx.o(.data)
    odometry_data                            0x200000b0   Data          21  main.o(.bss)
    htim1                                    0x200000c8   Data          64  main.o(.bss)
    htim2                                    0x20000108   Data          64  main.o(.bss)
    htim3                                    0x20000148   Data          64  main.o(.bss)
    huart1                                   0x20000188   Data          64  main.o(.bss)
    huart2                                   0x200001c8   Data          64  main.o(.bss)
    huart3                                   0x20000208   Data          64  main.o(.bss)
    ReceiveBuff_right                        0x20000248   Data          20  main.o(.bss)
    ReceiveBuff_left                         0x2000025c   Data          20  main.o(.bss)
    hdma_usart1_rx                           0x20000270   Data          68  main.o(.bss)
    hdma_usart2_rx                           0x200002b4   Data          68  main.o(.bss)
    serial_record                            0x200002f8   Data          10  stm32f1xx_it.o(.bss)
    serial_buffer                            0x20000302   Data          10  stm32f1xx_it.o(.bss)
    __initial_sp                             0x20000710   Data           0  startup_stm32f103xb.o(STACK)



==============================================================================

Memory Map of the image

  Image Entry point : 0x080000ed

  Load Region LR_IROM1 (Base: 0x08000000, Size: 0x00003af0, Max: 0x00010000, ABSOLUTE)

    Execution Region ER_IROM1 (Exec base: 0x08000000, Load base: 0x08000000, Size: 0x00003a40, Max: 0x00010000, ABSOLUTE)

    Exec Addr    Load Addr    Size         Type   Attr      Idx    E Section Name        Object

    0x08000000   0x08000000   0x000000ec   Data   RO            3    RESET               startup_stm32f103xb.o
    0x080000ec   0x080000ec   0x00000000   Code   RO         2709  * .ARM.Collect$$$$00000000  mc_w.l(entry.o)
    0x080000ec   0x080000ec   0x00000004   Code   RO         2760    .ARM.Collect$$$$00000001  mc_w.l(entry2.o)
    0x080000f0   0x080000f0   0x00000004   Code   RO         2763    .ARM.Collect$$$$00000004  mc_w.l(entry5.o)
    0x080000f4   0x080000f4   0x00000000   Code   RO         2765    .ARM.Collect$$$$00000008  mc_w.l(entry7b.o)
    0x080000f4   0x080000f4   0x00000000   Code   RO         2767    .ARM.Collect$$$$0000000A  mc_w.l(entry8b.o)
    0x080000f4   0x080000f4   0x00000008   Code   RO         2768    .ARM.Collect$$$$0000000B  mc_w.l(entry9a.o)
    0x080000fc   0x080000fc   0x00000000   Code   RO         2770    .ARM.Collect$$$$0000000D  mc_w.l(entry10a.o)
    0x080000fc   0x080000fc   0x00000000   Code   RO         2772    .ARM.Collect$$$$0000000F  mc_w.l(entry11a.o)
    0x080000fc   0x080000fc   0x00000004   Code   RO         2761    .ARM.Collect$$$$00002712  mc_w.l(entry2.o)
    0x08000100   0x08000100   0x00000024   Code   RO            4    .text               startup_stm32f103xb.o
    0x08000124   0x08000124   0x00000020   Code   RO         2712    .text               mc_w.l(llushr.o)
    0x08000144   0x08000144   0x000000b0   Code   RO         2714    .text               mf_w.l(fadd.o)
    0x080001f4   0x080001f4   0x00000064   Code   RO         2716    .text               mf_w.l(fmul.o)
    0x08000258   0x08000258   0x0000007c   Code   RO         2718    .text               mf_w.l(fdiv.o)
    0x080002d4   0x080002d4   0x00000018   Code   RO         2720    .text               mf_w.l(fscalb.o)
    0x080002ec   0x080002ec   0x00000012   Code   RO         2722    .text               mf_w.l(fflti.o)
    0x080002fe   0x080002fe   0x00000032   Code   RO         2724    .text               mf_w.l(ffixi.o)
    0x08000330   0x08000330   0x00000026   Code   RO         2726    .text               mf_w.l(f2d.o)
    0x08000356   0x08000356   0x00000038   Code   RO         2728    .text               mf_w.l(d2f.o)
    0x0800038e   0x0800038e   0x00000002   PAD
    0x08000390   0x08000390   0x00000014   Code   RO         2730    .text               mf_w.l(cfrcmple.o)
    0x080003a4   0x080003a4   0x00000000   Code   RO         2781    .text               mc_w.l(iusefp.o)
    0x080003a4   0x080003a4   0x0000006e   Code   RO         2782    .text               mf_w.l(fepilogue.o)
    0x08000412   0x08000412   0x00000002   PAD
    0x08000414   0x08000414   0x00000024   Code   RO         2788    .text               mc_w.l(init.o)
    0x08000438   0x08000438   0x0000014e   Code   RO         2790    .text               mf_w.l(dadd.o)
    0x08000586   0x08000586   0x000000e4   Code   RO         2792    .text               mf_w.l(dmul.o)
    0x0800066a   0x0800066a   0x000000de   Code   RO         2794    .text               mf_w.l(ddiv.o)
    0x08000748   0x08000748   0x0000002e   Code   RO         2796    .text               mf_w.l(dscalb.o)
    0x08000776   0x08000776   0x00000022   Code   RO         2798    .text               mf_w.l(dflti.o)
    0x08000798   0x08000798   0x0000001a   Code   RO         2800    .text               mf_w.l(dfltui.o)
    0x080007b2   0x080007b2   0x0000003e   Code   RO         2802    .text               mf_w.l(dfixi.o)
    0x080007f0   0x080007f0   0x0000001e   Code   RO         2804    .text               mc_w.l(llshl.o)
    0x0800080e   0x0800080e   0x00000024   Code   RO         2806    .text               mc_w.l(llsshr.o)
    0x08000832   0x08000832   0x000000ba   Code   RO         2808    .text               mf_w.l(depilogue.o)
    0x080008ec   0x080008ec   0x0000000c   Code   RO          207    i.DMA1_Channel5_IRQHandler  stm32f1xx_it.o
    0x080008f8   0x080008f8   0x0000000c   Code   RO          208    i.DMA1_Channel6_IRQHandler  stm32f1xx_it.o
    0x08000904   0x08000904   0x0000002a   Code   RO         2133    i.DMA_SetConfig     stm32f1xx_hal_dma.o
    0x0800092e   0x0800092e   0x00000030   Code   RO         2134    i.HAL_DMA_Abort     stm32f1xx_hal_dma.o
    0x0800095e   0x0800095e   0x00000002   PAD
    0x08000960   0x08000960   0x00000098   Code   RO         2135    i.HAL_DMA_Abort_IT  stm32f1xx_hal_dma.o
    0x080009f8   0x080009f8   0x00000154   Code   RO         2139    i.HAL_DMA_IRQHandler  stm32f1xx_hal_dma.o
    0x08000b4c   0x08000b4c   0x00000064   Code   RO         2140    i.HAL_DMA_Init      stm32f1xx_hal_dma.o
    0x08000bb0   0x08000bb0   0x00000070   Code   RO         2144    i.HAL_DMA_Start_IT  stm32f1xx_hal_dma.o
    0x08000c20   0x08000c20   0x000001bc   Code   RO         2070    i.HAL_GPIO_Init     stm32f1xx_hal_gpio.o
    0x08000ddc   0x08000ddc   0x00000008   Code   RO         2073    i.HAL_GPIO_TogglePin  stm32f1xx_hal_gpio.o
    0x08000de4   0x08000de4   0x0000000a   Code   RO         2074    i.HAL_GPIO_WritePin  stm32f1xx_hal_gpio.o
    0x08000dee   0x08000dee   0x00000002   PAD
    0x08000df0   0x08000df0   0x0000000c   Code   RO         1799    i.HAL_GetTick       stm32f1xx_hal.o
    0x08000dfc   0x08000dfc   0x00000010   Code   RO         1801    i.HAL_IncTick       stm32f1xx_hal.o
    0x08000e0c   0x08000e0c   0x00000024   Code   RO         1802    i.HAL_Init          stm32f1xx_hal.o
    0x08000e30   0x08000e30   0x00000028   Code   RO         1803    i.HAL_InitTick      stm32f1xx_hal.o
    0x08000e58   0x08000e58   0x00000094   Code   RO          280    i.HAL_MspInit       stm32f1xx_hal_msp.o
    0x08000eec   0x08000eec   0x00000016   Code   RO         2230    i.HAL_NVIC_EnableIRQ  stm32f1xx_hal_cortex.o
    0x08000f02   0x08000f02   0x00000002   PAD
    0x08000f04   0x08000f04   0x00000040   Code   RO         2236    i.HAL_NVIC_SetPriority  stm32f1xx_hal_cortex.o
    0x08000f44   0x08000f44   0x00000024   Code   RO         2237    i.HAL_NVIC_SetPriorityGrouping  stm32f1xx_hal_cortex.o
    0x08000f68   0x08000f68   0x00000154   Code   RO         1930    i.HAL_RCC_ClockConfig  stm32f1xx_hal_rcc.o
    0x080010bc   0x080010bc   0x0000000c   Code   RO         1935    i.HAL_RCC_GetHCLKFreq  stm32f1xx_hal_rcc.o
    0x080010c8   0x080010c8   0x00000020   Code   RO         1937    i.HAL_RCC_GetPCLK1Freq  stm32f1xx_hal_rcc.o
    0x080010e8   0x080010e8   0x00000020   Code   RO         1938    i.HAL_RCC_GetPCLK2Freq  stm32f1xx_hal_rcc.o
    0x08001108   0x08001108   0x0000006c   Code   RO         1939    i.HAL_RCC_GetSysClockFreq  stm32f1xx_hal_rcc.o
    0x08001174   0x08001174   0x00000304   Code   RO         1942    i.HAL_RCC_OscConfig  stm32f1xx_hal_rcc.o
    0x08001478   0x08001478   0x00000018   Code   RO         2239    i.HAL_SYSTICK_CLKSourceConfig  stm32f1xx_hal_cortex.o
    0x08001490   0x08001490   0x00000002   Code   RO         2240    i.HAL_SYSTICK_Callback  stm32f1xx_hal_cortex.o
    0x08001492   0x08001492   0x00000028   Code   RO         2241    i.HAL_SYSTICK_Config  stm32f1xx_hal_cortex.o
    0x080014ba   0x080014ba   0x00000008   Code   RO         2242    i.HAL_SYSTICK_IRQHandler  stm32f1xx_hal_cortex.o
    0x080014c2   0x080014c2   0x00000002   Code   RO         1229    i.HAL_TIMEx_BreakCallback  stm32f1xx_hal_tim_ex.o
    0x080014c4   0x080014c4   0x00000002   Code   RO         1230    i.HAL_TIMEx_CommutationCallback  stm32f1xx_hal_tim_ex.o
    0x080014c6   0x080014c6   0x00000050   Code   RO         1246    i.HAL_TIMEx_MasterConfigSynchronization  stm32f1xx_hal_tim_ex.o
    0x08001516   0x08001516   0x00000036   Code   RO          600    i.HAL_TIM_Base_Init  stm32f1xx_hal_tim.o
    0x0800154c   0x0800154c   0x00000060   Code   RO          282    i.HAL_TIM_Base_MspInit  stm32f1xx_hal_msp.o
    0x080015ac   0x080015ac   0x00000018   Code   RO          605    i.HAL_TIM_Base_Start_IT  stm32f1xx_hal_tim.o
    0x080015c4   0x080015c4   0x000000f2   Code   RO          609    i.HAL_TIM_ConfigClockSource  stm32f1xx_hal_tim.o
    0x080016b6   0x080016b6   0x00000002   Code   RO          629    i.HAL_TIM_IC_CaptureCallback  stm32f1xx_hal_tim.o
    0x080016b8   0x080016b8   0x00000166   Code   RO          642    i.HAL_TIM_IRQHandler  stm32f1xx_hal_tim.o
    0x0800181e   0x0800181e   0x00000002   PAD
    0x08001820   0x08001820   0x0000003c   Code   RO          283    i.HAL_TIM_MspPostInit  stm32f1xx_hal_msp.o
    0x0800185c   0x0800185c   0x00000002   Code   RO          645    i.HAL_TIM_OC_DelayElapsedCallback  stm32f1xx_hal_tim.o
    0x0800185e   0x0800185e   0x000000d0   Code   RO          666    i.HAL_TIM_PWM_ConfigChannel  stm32f1xx_hal_tim.o
    0x0800192e   0x0800192e   0x00000036   Code   RO          669    i.HAL_TIM_PWM_Init  stm32f1xx_hal_tim.o
    0x08001964   0x08001964   0x00000028   Code   RO          285    i.HAL_TIM_PWM_MspInit  stm32f1xx_hal_msp.o
    0x0800198c   0x0800198c   0x00000002   Code   RO          672    i.HAL_TIM_PWM_PulseFinishedCallback  stm32f1xx_hal_tim.o
    0x0800198e   0x0800198e   0x00000002   PAD
    0x08001990   0x08001990   0x00000030   Code   RO          673    i.HAL_TIM_PWM_Start  stm32f1xx_hal_tim.o
    0x080019c0   0x080019c0   0x00000068   Code   RO           13    i.HAL_TIM_PeriodElapsedCallback  main.o
    0x08001a28   0x08001a28   0x00000002   Code   RO          683    i.HAL_TIM_TriggerCallback  stm32f1xx_hal_tim.o
    0x08001a2a   0x08001a2a   0x00000058   Code   RO         1481    i.HAL_UART_DMAStop  stm32f1xx_hal_uart.o
    0x08001a82   0x08001a82   0x00000002   Code   RO         1483    i.HAL_UART_ErrorCallback  stm32f1xx_hal_uart.o
    0x08001a84   0x08001a84   0x00000110   Code   RO         1486    i.HAL_UART_IRQHandler  stm32f1xx_hal_uart.o
    0x08001b94   0x08001b94   0x00000062   Code   RO         1487    i.HAL_UART_Init     stm32f1xx_hal_uart.o
    0x08001bf6   0x08001bf6   0x00000002   PAD
    0x08001bf8   0x08001bf8   0x00000158   Code   RO          287    i.HAL_UART_MspInit  stm32f1xx_hal_msp.o
    0x08001d50   0x08001d50   0x00000098   Code   RO         1491    i.HAL_UART_Receive_DMA  stm32f1xx_hal_uart.o
    0x08001de8   0x08001de8   0x00000052   Code   RO         1492    i.HAL_UART_Receive_IT  stm32f1xx_hal_uart.o
    0x08001e3a   0x08001e3a   0x00000002   Code   RO         1493    i.HAL_UART_RxCpltCallback  stm32f1xx_hal_uart.o
    0x08001e3c   0x08001e3c   0x00000002   Code   RO         1494    i.HAL_UART_RxHalfCpltCallback  stm32f1xx_hal_uart.o
    0x08001e3e   0x08001e3e   0x0000003e   Code   RO         1497    i.HAL_UART_Transmit_IT  stm32f1xx_hal_uart.o
    0x08001e7c   0x08001e7c   0x00000002   Code   RO         1498    i.HAL_UART_TxCpltCallback  stm32f1xx_hal_uart.o
    0x08001e7e   0x08001e7e   0x00000002   PAD
    0x08001e80   0x08001e80   0x00000070   Code   RO          523    i.LeftMovingSpeedW  contact.o
    0x08001ef0   0x08001ef0   0x00000094   Code   RO           14    i.MX_GPIO_Init      main.o
    0x08001f84   0x08001f84   0x00000058   Code   RO           15    i.MX_TIM1_Init      main.o
    0x08001fdc   0x08001fdc   0x00000054   Code   RO           16    i.MX_TIM2_Init      main.o
    0x08002030   0x08002030   0x00000090   Code   RO           17    i.MX_TIM3_Init      main.o
    0x080020c0   0x080020c0   0x00000020   Code   RO         2243    i.NVIC_SetPriority  stm32f1xx_hal_cortex.o
    0x080020e0   0x080020e0   0x00000010   Code   RO          347    i.PWM_LEFT          motor.o
    0x080020f0   0x080020f0   0x00000010   Code   RO          348    i.PWM_LEFT2         motor.o
    0x08002100   0x08002100   0x00000010   Code   RO          349    i.PWM_RIGHT         motor.o
    0x08002110   0x08002110   0x00000010   Code   RO          350    i.PWM_RIGHT2        motor.o
    0x08002120   0x08002120   0x00000070   Code   RO          524    i.RightMovingSpeedW  contact.o
    0x08002190   0x08002190   0x0000000e   Code   RO          209    i.SysTick_Handler   stm32f1xx_it.o
    0x0800219e   0x0800219e   0x00000068   Code   RO           18    i.SystemClock_Config  main.o
    0x08002206   0x08002206   0x00000002   PAD
    0x08002208   0x08002208   0x00000048   Code   RO         2659    i.SystemInit        system_stm32f1xx.o
    0x08002250   0x08002250   0x0000000c   Code   RO          210    i.TIM1_UP_IRQHandler  stm32f1xx_it.o
    0x0800225c   0x0800225c   0x0000000c   Code   RO          211    i.TIM2_IRQHandler   stm32f1xx_it.o
    0x08002268   0x08002268   0x0000006c   Code   RO          684    i.TIM_Base_SetConfig  stm32f1xx_hal_tim.o
    0x080022d4   0x080022d4   0x00000016   Code   RO          685    i.TIM_CCxChannelCmd  stm32f1xx_hal_tim.o
    0x080022ea   0x080022ea   0x00000014   Code   RO          691    i.TIM_ETR_SetConfig  stm32f1xx_hal_tim.o
    0x080022fe   0x080022fe   0x00000010   Code   RO          692    i.TIM_ITRx_SetConfig  stm32f1xx_hal_tim.o
    0x0800230e   0x0800230e   0x00000002   PAD
    0x08002310   0x08002310   0x00000050   Code   RO          693    i.TIM_OC1_SetConfig  stm32f1xx_hal_tim.o
    0x08002360   0x08002360   0x00000058   Code   RO          694    i.TIM_OC2_SetConfig  stm32f1xx_hal_tim.o
    0x080023b8   0x080023b8   0x00000058   Code   RO          695    i.TIM_OC3_SetConfig  stm32f1xx_hal_tim.o
    0x08002410   0x08002410   0x00000044   Code   RO          696    i.TIM_OC4_SetConfig  stm32f1xx_hal_tim.o
    0x08002454   0x08002454   0x00000022   Code   RO          698    i.TIM_TI1_ConfigInputStage  stm32f1xx_hal_tim.o
    0x08002476   0x08002476   0x00000024   Code   RO          700    i.TIM_TI2_ConfigInputStage  stm32f1xx_hal_tim.o
    0x0800249a   0x0800249a   0x00000010   Code   RO         1500    i.UART_DMAAbortOnError  stm32f1xx_hal_uart.o
    0x080024aa   0x080024aa   0x0000004a   Code   RO         1501    i.UART_DMAError     stm32f1xx_hal_uart.o
    0x080024f4   0x080024f4   0x0000003c   Code   RO         1502    i.UART_DMAReceiveCplt  stm32f1xx_hal_uart.o
    0x08002530   0x08002530   0x0000000a   Code   RO         1504    i.UART_DMARxHalfCplt  stm32f1xx_hal_uart.o
    0x0800253a   0x0800253a   0x0000001c   Code   RO         1510    i.UART_EndRxTransfer  stm32f1xx_hal_uart.o
    0x08002556   0x08002556   0x00000012   Code   RO         1511    i.UART_EndTxTransfer  stm32f1xx_hal_uart.o
    0x08002568   0x08002568   0x00000096   Code   RO         1512    i.UART_Receive_IT   stm32f1xx_hal_uart.o
    0x080025fe   0x080025fe   0x00000002   PAD
    0x08002600   0x08002600   0x00000170   Code   RO         1513    i.UART_SetConfig    stm32f1xx_hal_uart.o
    0x08002770   0x08002770   0x00000062   Code   RO         1514    i.UART_Transmit_IT  stm32f1xx_hal_uart.o
    0x080027d2   0x080027d2   0x00000002   PAD
    0x080027d4   0x080027d4   0x00000050   Code   RO          212    i.USART1_IRQHandler  stm32f1xx_it.o
    0x08002824   0x08002824   0x00000050   Code   RO          213    i.USART2_IRQHandler  stm32f1xx_it.o
    0x08002874   0x08002874   0x00000080   Code   RO          214    i.USART3_IRQHandler  stm32f1xx_it.o
    0x080028f4   0x080028f4   0x00000002   Code   RO           19    i._Error_Handler    main.o
    0x080028f6   0x080028f6   0x00000028   Code   RO         2784    i.__ARM_fpclassify  m_ws.l(fpclassify.o)
    0x0800291e   0x0800291e   0x00000002   PAD
    0x08002920   0x08002920   0x00000388   Code   RO         2749    i.__ieee754_rem_pio2  m_ws.l(rred.o)
    0x08002ca8   0x08002ca8   0x000000fc   Code   RO         2732    i.__kernel_cos      m_ws.l(cos_i.o)
    0x08002da4   0x08002da4   0x000000aa   Code   RO         2786    i.__kernel_poly     m_ws.l(poly.o)
    0x08002e4e   0x08002e4e   0x00000002   PAD
    0x08002e50   0x08002e50   0x000000ec   Code   RO         2754    i.__kernel_sin      m_ws.l(sin_i.o)
    0x08002f3c   0x08002f3c   0x00000006   Code   RO         2736    i.__mathlib_dbl_infnan  m_ws.l(dunder.o)
    0x08002f42   0x08002f42   0x0000000c   Code   RO         2738    i.__mathlib_dbl_invalid  m_ws.l(dunder.o)
    0x08002f4e   0x08002f4e   0x00000002   PAD
    0x08002f50   0x08002f50   0x00000010   Code   RO         2741    i.__mathlib_dbl_underflow  m_ws.l(dunder.o)
    0x08002f60   0x08002f60   0x0000000e   Code   RO         2812    i.__scatterload_copy  mc_w.l(handlers.o)
    0x08002f6e   0x08002f6e   0x00000002   Code   RO         2813    i.__scatterload_null  mc_w.l(handlers.o)
    0x08002f70   0x08002f70   0x0000000e   Code   RO         2814    i.__scatterload_zeroinit  mc_w.l(handlers.o)
    0x08002f7e   0x08002f7e   0x00000002   PAD
    0x08002f80   0x08002f80   0x0000000c   Code   RO         2776    i.__set_errno       mc_w.l(errno.o)
    0x08002f8c   0x08002f8c   0x0000002c   Code   RO          525    i.car_control       contact.o
    0x08002fb8   0x08002fb8   0x0000009c   Code   RO         2694    i.cos               m_ws.l(cos.o)
    0x08003054   0x08003054   0x00000224   Code   RO           20    i.main              main.o
    0x08003278   0x08003278   0x0000018c   Code   RO          483    i.odometry          odometry.o
    0x08003404   0x08003404   0x00000094   Code   RO          401    i.output_four_neg_int_speed  encoder.o
    0x08003498   0x08003498   0x00000094   Code   RO          402    i.output_four_pos_int_speed  encoder.o
    0x0800352c   0x0800352c   0x00000012   Code   RO          403    i.output_one_neg_int_speed  encoder.o
    0x0800353e   0x0800353e   0x00000012   Code   RO          404    i.output_one_pos_int_speed  encoder.o
    0x08003550   0x08003550   0x0000007a   Code   RO          405    i.output_speed      encoder.o
    0x080035ca   0x080035ca   0x00000002   PAD
    0x080035cc   0x080035cc   0x00000080   Code   RO          406    i.output_three_neg_int_speed  encoder.o
    0x0800364c   0x0800364c   0x00000080   Code   RO          407    i.output_three_pos_int_speed  encoder.o
    0x080036cc   0x080036cc   0x0000005c   Code   RO          408    i.output_two_neg_int_speed  encoder.o
    0x08003728   0x08003728   0x0000005c   Code   RO          409    i.output_two_pos_int_speed  encoder.o
    0x08003784   0x08003784   0x000000a0   Code   RO         2702    i.sin               m_ws.l(sin.o)
    0x08003824   0x08003824   0x00000060   Code   RO           21    i.uartdamget_left   main.o
    0x08003884   0x08003884   0x00000060   Code   RO           22    i.uartdamget_right  main.o
    0x080038e4   0x080038e4   0x00000010   Data   RO         2660    .constdata          system_stm32f1xx.o
    0x080038f4   0x080038f4   0x00000008   Data   RO         2661    .constdata          system_stm32f1xx.o
    0x080038fc   0x080038fc   0x00000004   PAD
    0x08003900   0x08003900   0x00000030   Data   RO         2733    .constdata          m_ws.l(cos_i.o)
    0x08003930   0x08003930   0x000000c8   Data   RO         2751    .constdata          m_ws.l(rred.o)
    0x080039f8   0x080039f8   0x00000028   Data   RO         2755    .constdata          m_ws.l(sin_i.o)
    0x08003a20   0x08003a20   0x00000020   Data   RO         2810    Region$$Table       anon$$obj.o


    Execution Region RW_IRAM1 (Exec base: 0x20000000, Load base: 0x08003a40, Size: 0x00000710, Max: 0x00005000, ABSOLUTE)

    Exec Addr    Load Addr    Size         Type   Attr      Idx    E Section Name        Object

    0x20000000   0x08003a40   0x00000031   Data   RW           28    .data               main.o
    0x20000031   0x08003a71   0x00000003   PAD
    0x20000034   0x08003a74   0x00000010   Data   RW          218    .data               stm32f1xx_it.o
    0x20000044   0x08003a84   0x00000060   Data   RW          484    .data               odometry.o
    0x200000a4   0x08003ae4   0x00000004   Data   RW         1808    .data               stm32f1xx_hal.o
    0x200000a8   0x08003ae8   0x00000004   Data   RW         2662    .data               system_stm32f1xx.o
    0x200000ac   0x08003aec   0x00000004   Data   RW         2777    .data               mc_w.l(errno.o)
    0x200000b0        -       0x000001c0   Zero   RW           23    .bss                main.o
    0x20000270        -       0x00000044   Zero   RW           24    .bss                main.o
    0x200002b4        -       0x00000044   Zero   RW           25    .bss                main.o
    0x200002f8        -       0x00000014   Zero   RW          215    .bss                stm32f1xx_it.o
    0x2000030c   0x08003af0   0x00000004   PAD
    0x20000310        -       0x00000400   Zero   RW            1    STACK               startup_stm32f103xb.o


==============================================================================

Image component sizes


      Code (inc. data)   RO Data    RW Data    ZI Data      Debug   Object Name

       268         28          0          0          0       1849   contact.o
       894         12          0          0          0       7382   encoder.o
      1414        138          0         49        584     439360   main.o
        64         24          0          0          0       1856   motor.o
       396         30          0         96          0       1937   odometry.o
        36          8        236          0       1024        812   startup_stm32f103xb.o
       104         22          0          4          0       3159   stm32f1xx_hal.o
       228         14          0          0          0      27509   stm32f1xx_hal_cortex.o
       794         36          0          0          0       4990   stm32f1xx_hal_dma.o
       462         36          0          0          0       3505   stm32f1xx_hal_gpio.o
       688        108          0          0          0       3740   stm32f1xx_hal_msp.o
      1296        104          0          0          0       5712   stm32f1xx_hal_rcc.o
      1556         40          0          0          0      15210   stm32f1xx_hal_tim.o
        84          0          0          0          0       2378   stm32f1xx_hal_tim_ex.o
      1584         24          0          0          0      13128   stm32f1xx_hal_uart.o
       350         82          0         16         20       5694   stm32f1xx_it.o
        72         16         24          4          0       1199   system_stm32f1xx.o

    ----------------------------------------------------------------------
     10314        722        296        172       1632     539420   Object Totals
         0          0         32          0          0          0   (incl. Generated)
        24          0          4          3          4          0   (incl. Padding)

    ----------------------------------------------------------------------

      Code (inc. data)   RO Data    RW Data    ZI Data      Debug   Library Member Name

       156          8          0          0          0        104   cos.o
       252         22         48          0          0        124   cos_i.o
        34          6          0          0          0        204   dunder.o
        40          0          0          0          0         68   fpclassify.o
       170          0          0          0          0         96   poly.o
       904         76        200          0          0        140   rred.o
       160         10          0          0          0        108   sin.o
       236         12         40          0          0        128   sin_i.o
         0          0          0          0          0          0   entry.o
         0          0          0          0          0          0   entry10a.o
         0          0          0          0          0          0   entry11a.o
         8          4          0          0          0          0   entry2.o
         4          0          0          0          0          0   entry5.o
         0          0          0          0          0          0   entry7b.o
         0          0          0          0          0          0   entry8b.o
         8          4          0          0          0          0   entry9a.o
        12          6          0          4          0         68   errno.o
        30          0          0          0          0          0   handlers.o
        36          8          0          0          0         68   init.o
         0          0          0          0          0          0   iusefp.o
        30          0          0          0          0         68   llshl.o
        36          0          0          0          0         68   llsshr.o
        32          0          0          0          0         68   llushr.o
        20          0          0          0          0         68   cfrcmple.o
        56          0          0          0          0         88   d2f.o
       334          0          0          0          0        148   dadd.o
       222          0          0          0          0        100   ddiv.o
       186          0          0          0          0        176   depilogue.o
        62          0          0          0          0         80   dfixi.o
        34          0          0          0          0         76   dflti.o
        26          0          0          0          0         76   dfltui.o
       228          0          0          0          0         96   dmul.o
        46          0          0          0          0         80   dscalb.o
        38          0          0          0          0         68   f2d.o
       176          0          0          0          0        140   fadd.o
       124          0          0          0          0         88   fdiv.o
       110          0          0          0          0        168   fepilogue.o
        50          0          0          0          0         68   ffixi.o
        18          0          0          0          0         68   fflti.o
       100          0          0          0          0         76   fmul.o
        24          0          0          0          0         68   fscalb.o

    ----------------------------------------------------------------------
      4014        156        288          4          0       3044   Library Totals
        12          0          0          0          0          0   (incl. Padding)

    ----------------------------------------------------------------------

      Code (inc. data)   RO Data    RW Data    ZI Data      Debug   Library Name

      1952        134        288          0          0        972   m_ws.l
       196         22          0          4          0        340   mc_w.l
      1854          0          0          0          0       1732   mf_w.l

    ----------------------------------------------------------------------
      4014        156        288          4          0       3044   Library Totals

    ----------------------------------------------------------------------

==============================================================================


      Code (inc. data)   RO Data    RW Data    ZI Data      Debug   

     14328        878        584        176       1632     535388   Grand Totals
     14328        878        584        176       1632     535388   ELF Image Totals
     14328        878        584        176          0          0   ROM Totals

==============================================================================

    Total RO  Size (Code + RO Data)                14912 (  14.56kB)
    Total RW  Size (RW Data + ZI Data)              1808 (   1.77kB)
    Total ROM Size (Code + RO Data + RW Data)      15088 (  14.73kB)

==============================================================================

